Archive member included to satisfy reference by file (symbol)

D:/tools/NucleiStudio_IDE_202402_DEV-win64/NucleiStudio/toolchain/gcc/bin/../lib/gcc/riscv64-unknown-elf/13.1.1/../../../../riscv64-unknown-elf/lib/rv32emac/ilp32e\libc_nano.a(libc_a-nano-vfprintf_float.o)
                              (_printf_float)
D:/tools/NucleiStudio_IDE_202402_DEV-win64/NucleiStudio/toolchain/gcc/bin/../lib/gcc/riscv64-unknown-elf/13.1.1/../../../../riscv64-unknown-elf/lib/rv32emac/ilp32e\libc_nano.a(libc_a-nano-vfprintf_i.o)
                              D:/tools/NucleiStudio_IDE_202402_DEV-win64/NucleiStudio/toolchain/gcc/bin/../lib/gcc/riscv64-unknown-elf/13.1.1/../../../../riscv64-unknown-elf/lib/rv32emac/ilp32e\libc_nano.a(libc_a-nano-vfprintf_float.o) (_printf_common)
D:/tools/NucleiStudio_IDE_202402_DEV-win64/NucleiStudio/toolchain/gcc/bin/../lib/gcc/riscv64-unknown-elf/13.1.1/../../../../riscv64-unknown-elf/lib/rv32emac/ilp32e\libc_nano.a(libc_a-printf.o)
                              ./nuclei_sdk/SoC/evalsoc/Common/Source/system_evalsoc.o (printf)
D:/tools/NucleiStudio_IDE_202402_DEV-win64/NucleiStudio/toolchain/gcc/bin/../lib/gcc/riscv64-unknown-elf/13.1.1/../../../../riscv64-unknown-elf/lib/rv32emac/ilp32e\libc_nano.a(libc_a-memchr.o)
                              D:/tools/NucleiStudio_IDE_202402_DEV-win64/NucleiStudio/toolchain/gcc/bin/../lib/gcc/riscv64-unknown-elf/13.1.1/../../../../riscv64-unknown-elf/lib/rv32emac/ilp32e\libc_nano.a(libc_a-nano-vfprintf_i.o) (memchr)
D:/tools/NucleiStudio_IDE_202402_DEV-win64/NucleiStudio/toolchain/gcc/bin/../lib/gcc/riscv64-unknown-elf/13.1.1/../../../../riscv64-unknown-elf/lib/rv32emac/ilp32e\libc_nano.a(libc_a-localeconv.o)
                              D:/tools/NucleiStudio_IDE_202402_DEV-win64/NucleiStudio/toolchain/gcc/bin/../lib/gcc/riscv64-unknown-elf/13.1.1/../../../../riscv64-unknown-elf/lib/rv32emac/ilp32e\libc_nano.a(libc_a-nano-vfprintf_float.o) (_localeconv_r)
D:/tools/NucleiStudio_IDE_202402_DEV-win64/NucleiStudio/toolchain/gcc/bin/../lib/gcc/riscv64-unknown-elf/13.1.1/../../../../riscv64-unknown-elf/lib/rv32emac/ilp32e\libc_nano.a(libc_a-impure.o)
                              D:/tools/NucleiStudio_IDE_202402_DEV-win64/NucleiStudio/toolchain/gcc/bin/../lib/gcc/riscv64-unknown-elf/13.1.1/../../../../riscv64-unknown-elf/lib/rv32emac/ilp32e\libc_nano.a(libc_a-printf.o) (_impure_ptr)
D:/tools/NucleiStudio_IDE_202402_DEV-win64/NucleiStudio/toolchain/gcc/bin/../lib/gcc/riscv64-unknown-elf/13.1.1/../../../../riscv64-unknown-elf/lib/rv32emac/ilp32e\libc_nano.a(libc_a-init.o)
                              ./nuclei_sdk/SoC/evalsoc/Common/Source/GCC/startup_evalsoc.o (__libc_init_array)
D:/tools/NucleiStudio_IDE_202402_DEV-win64/NucleiStudio/toolchain/gcc/bin/../lib/gcc/riscv64-unknown-elf/13.1.1/../../../../riscv64-unknown-elf/lib/rv32emac/ilp32e\libc_nano.a(libc_a-sysisatty.o)
                              ./nuclei_sdk/SoC/evalsoc/Common/Source/Stubs/newlib/write.o (isatty)
D:/tools/NucleiStudio_IDE_202402_DEV-win64/NucleiStudio/toolchain/gcc/bin/../lib/gcc/riscv64-unknown-elf/13.1.1/../../../../riscv64-unknown-elf/lib/rv32emac/ilp32e\libc_nano.a(libc_a-strlen.o)
                              D:/tools/NucleiStudio_IDE_202402_DEV-win64/NucleiStudio/toolchain/gcc/bin/../lib/gcc/riscv64-unknown-elf/13.1.1/../../../../riscv64-unknown-elf/lib/rv32emac/ilp32e\libc_nano.a(libc_a-nano-vfprintf_float.o) (strlen)
D:/tools/NucleiStudio_IDE_202402_DEV-win64/NucleiStudio/toolchain/gcc/bin/../lib/gcc/riscv64-unknown-elf/13.1.1/../../../../riscv64-unknown-elf/lib/rv32emac/ilp32e\libc_nano.a(libc_a-dtoa.o)
                              D:/tools/NucleiStudio_IDE_202402_DEV-win64/NucleiStudio/toolchain/gcc/bin/../lib/gcc/riscv64-unknown-elf/13.1.1/../../../../riscv64-unknown-elf/lib/rv32emac/ilp32e\libc_nano.a(libc_a-nano-vfprintf_float.o) (_dtoa_r)
D:/tools/NucleiStudio_IDE_202402_DEV-win64/NucleiStudio/toolchain/gcc/bin/../lib/gcc/riscv64-unknown-elf/13.1.1/../../../../riscv64-unknown-elf/lib/rv32emac/ilp32e\libc_nano.a(libc_a-malloc.o)
                              D:/tools/NucleiStudio_IDE_202402_DEV-win64/NucleiStudio/toolchain/gcc/bin/../lib/gcc/riscv64-unknown-elf/13.1.1/../../../../riscv64-unknown-elf/lib/rv32emac/ilp32e\libc_nano.a(libc_a-dtoa.o) (malloc)
D:/tools/NucleiStudio_IDE_202402_DEV-win64/NucleiStudio/toolchain/gcc/bin/../lib/gcc/riscv64-unknown-elf/13.1.1/../../../../riscv64-unknown-elf/lib/rv32emac/ilp32e\libc_nano.a(libc_a-mallocr.o)
                              D:/tools/NucleiStudio_IDE_202402_DEV-win64/NucleiStudio/toolchain/gcc/bin/../lib/gcc/riscv64-unknown-elf/13.1.1/../../../../riscv64-unknown-elf/lib/rv32emac/ilp32e\libc_nano.a(libc_a-malloc.o) (_malloc_r)
D:/tools/NucleiStudio_IDE_202402_DEV-win64/NucleiStudio/toolchain/gcc/bin/../lib/gcc/riscv64-unknown-elf/13.1.1/../../../../riscv64-unknown-elf/lib/rv32emac/ilp32e\libc_nano.a(libc_a-mlock.o)
[...]
Memory Configuration

Name             Origin             Length             Attributes
ilm              0x80000000         0x00010000         axr!w
ram              0x90000000         0x00010000         axw!r
*default*        0x00000000         0xffffffff

Linker script and memory map

LOAD ./nuclei_sdk/SoC/evalsoc/Common/Source/Stubs/newlib/chown.o
LOAD ./nuclei_sdk/SoC/evalsoc/Common/Source/Stubs/newlib/clock_getres.o
LOAD ./nuclei_sdk/SoC/evalsoc/Common/Source/Stubs/newlib/clock_gettime.o
LOAD ./nuclei_sdk/SoC/evalsoc/Common/Source/Stubs/newlib/clock_settime.o
LOAD ./nuclei_sdk/SoC/evalsoc/Common/Source/Stubs/newlib/close.o
LOAD ./nuclei_sdk/SoC/evalsoc/Common/Source/Stubs/newlib/environ.o
LOAD ./nuclei_sdk/SoC/evalsoc/Common/Source/Stubs/newlib/errno.o
LOAD ./nuclei_sdk/SoC/evalsoc/Common/Source/Stubs/newlib/execve.o
LOAD ./nuclei_sdk/SoC/evalsoc/Common/Source/Stubs/newlib/exit.o
LOAD ./nuclei_sdk/SoC/evalsoc/Common/Source/Stubs/newlib/fork.o
LOAD ./nuclei_sdk/SoC/evalsoc/Common/Source/Stubs/newlib/fstat.o
LOAD ./nuclei_sdk/SoC/evalsoc/Common/Source/Stubs/newlib/getpid.o
LOAD ./nuclei_sdk/SoC/evalsoc/Common/Source/Stubs/newlib/gettimeofday.o
LOAD ./nuclei_sdk/SoC/evalsoc/Common/Source/Stubs/newlib/isatty.o
LOAD ./nuclei_sdk/SoC/evalsoc/Common/Source/Stubs/newlib/kill.o
LOAD ./nuclei_sdk/SoC/evalsoc/Common/Source/Stubs/newlib/link.o
LOAD ./nuclei_sdk/SoC/evalsoc/Common/Source/Stubs/newlib/lseek.o
LOAD ./nuclei_sdk/SoC/evalsoc/Common/Source/Stubs/newlib/open.o
LOAD ./nuclei_sdk/SoC/evalsoc/Common/Source/Stubs/newlib/read.o
LOAD ./nuclei_sdk/SoC/evalsoc/Common/Source/Stubs/newlib/readlink.o
LOAD ./nuclei_sdk/SoC/evalsoc/Common/Source/Stubs/newlib/sbrk.o
LOAD ./nuclei_sdk/SoC/evalsoc/Common/Source/Stubs/newlib/stat.o
LOAD ./nuclei_sdk/SoC/evalsoc/Common/Source/Stubs/newlib/symlink.o
LOAD ./nuclei_sdk/SoC/evalsoc/Common/Source/Stubs/newlib/times.o
LOAD ./nuclei_sdk/SoC/evalsoc/Common/Source/Stubs/newlib/unlink.o
LOAD ./nuclei_sdk/SoC/evalsoc/Common/Source/Stubs/newlib/wait.o
LOAD ./nuclei_sdk/SoC/evalsoc/Common/Source/Stubs/newlib/write.o
LOAD ./nuclei_sdk/SoC/evalsoc/Common/Source/GCC/intexc_evalsoc.o
LOAD ./nuclei_sdk/SoC/evalsoc/Common/Source/GCC/intexc_evalsoc_s.o
LOAD ./nuclei_sdk/SoC/evalsoc/Common/Source/GCC/startup_evalsoc.o
LOAD ./nuclei_sdk/SoC/evalsoc/Common/Source/Drivers/evalsoc_uart.o
LOAD ./nuclei_sdk/SoC/evalsoc/Common/Source/evalsoc_common.o
LOAD ./nuclei_sdk/SoC/evalsoc/Common/Source/system_evalsoc.o
LOAD ./application/core_list_join.o
LOAD ./application/core_main.o
LOAD ./application/core_matrix.o
LOAD ./application/core_portme.o
LOAD ./application/core_state.o
LOAD ./application/core_util.o
LOAD ./application/fifo.o
LOAD D:/tools/NucleiStudio_IDE_202402_DEV-win64/NucleiStudio/toolchain/gcc/bin/../lib/gcc/riscv64-unknown-elf/13.1.1/../../../../riscv64-unknown-elf/lib/rv32emac/ilp32e\libstdc++.a
LOAD D:/tools/NucleiStudio_IDE_202402_DEV-win64/NucleiStudio/toolchain/gcc/bin/../lib/gcc/riscv64-unknown-elf/13.1.1/../../../../riscv64-unknown-elf/lib/rv32emac/ilp32e\libc_nano.a
LOAD D:/tools/NucleiStudio_IDE_202402_DEV-win64/NucleiStudio/toolchain/gcc/bin/../lib/gcc/riscv64-unknown-elf/13.1.1/rv32emac/ilp32e\libgcc.a
                0x00000800                        PROVIDE (__STACK_SIZE = 0x800)
                0x00000800                        PROVIDE (__HEAP_SIZE = 0x800)
                0x00000001                        PROVIDE (__SMP_CPU_CNT = 0x1)
                0x00000800                        __TOT_STACK_SIZE = (__STACK_SIZE * __SMP_CPU_CNT)

.init           0x80000000      0x288
 *(.text.vtable)
 .text.vtable   0x80000000      0x100 ./nuclei_sdk/SoC/evalsoc/Common/Source/GCC/startup_evalsoc.o
                0x80000000                vector_base
 *(.text.vtable_s)
 *(.text.init)
 .text.init     0x80000100      0x182 ./nuclei_sdk/SoC/evalsoc/Common/Source/GCC/startup_evalsoc.o
                0x80000100                _start
                0x800001dc                _start_premain
                0x80000240                early_exc_entry
 *fill*         0x80000282        0x2 
 .text.init     0x80000284        0x2 ./nuclei_sdk/SoC/evalsoc/Common/Source/system_evalsoc.o
                0x80000284                __sync_harts
 *(SORT_NONE(.init))
                0x80000288                        . = ALIGN (0x4)
 *fill*         0x80000286        0x2 

.text           0x800002c0     0x5a58
 *(.text.unlikely .text.unlikely.*)
 *(.text.startup .text.startup.*)
 .text.startup.main
                0x800002c0       0x16 ./application/core_main.o
                0x800002c0                main
                0x800002d8                        . = ALIGN (0x8)
 *fill*         0x800002d6        0x2 
                [!provide]                        PROVIDE (__jvt_base$ = .)
 *(.text.tbljal .text.tbljal.*)
 *(.text .text.*)
 .text._close   0x800002d8        0xa ./nuclei_sdk/SoC/evalsoc/Common/Source/Stubs/newlib/close.o
                0x800002d8                _close
 *fill*         0x800002e2        0x2 
 .text._exit    0x800002e4       0x44 ./nuclei_sdk/SoC/evalsoc/Common/Source/Stubs/newlib/exit.o
                0x800002e4                _exit
 .text._fstat   0x80000328       0x1a ./nuclei_sdk/SoC/evalsoc/Common/Source/Stubs/newlib/fstat.o
                0x80000328                _fstat
 *fill*         0x80000342        0x2 
 .text._getpid  0x80000344        0x6 ./nuclei_sdk/SoC/evalsoc/Common/Source/Stubs/newlib/getpid.o
                0x80000344                _getpid
 *fill*         0x8000034a        0x2 
 .text._isatty  0x8000034c        0x6 ./nuclei_sdk/SoC/evalsoc/Common/Source/Stubs/newlib/isatty.o
                0x8000034c                _isatty
 *fill*         0x80000352        0x2 
 .text._kill    0x80000354        0xa ./nuclei_sdk/SoC/evalsoc/Common/Source/Stubs/newlib/kill.o
                0x80000354                _kill
 *fill*         0x8000035e        0x2 
 .text._lseek   0x80000360        0x6 ./nuclei_sdk/SoC/evalsoc/Common/Source/Stubs/newlib/lseek.o
                0x80000360                _lseek
 *fill*         0x80000366        0x2 
 .text._read    0x80000368      0x1cc ./nuclei_sdk/SoC/evalsoc/Common/Source/Stubs/newlib/read.o
                0x80000368                _read
 *fill*         0x80000534        0x0 
 .text._sbrk    0x80000534       0x2e ./nuclei_sdk/SoC/evalsoc/Common/Source/Stubs/newlib/sbrk.o
                0x80000534                _sbrk
 *fill*         0x80000562        0x2 
 .text._write   0x80000564       0x56 ./nuclei_sdk/SoC/evalsoc/Common/Source/Stubs/newlib/write.o
                0x80000564                _write
 *fill*         0x800005ba        0x6 
 .text.trap     0x800005c0       0x7c ./nuclei_sdk/SoC/evalsoc/Common/Source/GCC/intexc_evalsoc.o
                0x800005c0                exc_entry
 *fill*         0x8000063c        0x0 
 .text.irq      0x8000063c       0x62 ./nuclei_sdk/SoC/evalsoc/Common/Source/GCC/intexc_evalsoc.o
                0x8000063c                irq_entry
                0x8000069a                default_intexc_handler
 *fill*         0x8000069e        0x2 
 .text.uart_init
                0x800006a0       0x2e ./nuclei_sdk/SoC/evalsoc/Common/Source/Drivers/evalsoc_uart.o
                0x800006a0                uart_init
 *fill*         0x800006ce        0x2 
 .text.uart_write
                0x800006d0       0x3e ./nuclei_sdk/SoC/evalsoc/Common/Source/Drivers/evalsoc_uart.o
                0x800006d0                uart_write
 *fill*         0x8000070e        0x2 
 .text.uart_read
                0x80000710       0x3e ./nuclei_sdk/SoC/evalsoc/Common/Source/Drivers/evalsoc_uart.o
                0x80000710                uart_read
 .text.measure_cpu_freq
                0x8000074e       0xc2 ./nuclei_sdk/SoC/evalsoc/Common/Source/evalsoc_common.o
                0x8000074e                measure_cpu_freq
 *fill*         0x80000810        0x0 
 .text.get_cpu_freq
                0x80000810       0x12 ./nuclei_sdk/SoC/evalsoc/Common/Source/evalsoc_common.o
                0x80000810                get_cpu_freq
 *fill*         0x80000822        0x2 
 .text.simulation_exit
                0x80000824       0x2a ./nuclei_sdk/SoC/evalsoc/Common/Source/evalsoc_common.o
                0x80000824                simulation_exit
 *fill*         0x8000084e        0x2 
 .text.SystemInit
                0x80000850       0x12 ./nuclei_sdk/SoC/evalsoc/Common/Source/system_evalsoc.o
                0x80000850                SystemInit
 *fill*         0x80000862        0x2 
 .text.Exception_DumpFrame
                0x80000864       0x56 ./nuclei_sdk/SoC/evalsoc/Common/Source/system_evalsoc.o
                0x80000864                Exception_DumpFrame
 *fill*         0x800008ba        0x2 
 .text.system_default_exception_handler
                0x800008bc       0x4c ./nuclei_sdk/SoC/evalsoc/Common/Source/system_evalsoc.o
 *fill*         0x80000908        0x0 
 .text.core_exception_handler
                0x80000908       0x4e ./nuclei_sdk/SoC/evalsoc/Common/Source/system_evalsoc.o
                0x80000908                core_exception_handler
 *fill*         0x80000956        0x2 
 .text._premain_init
                0x80000958      0x130 ./nuclei_sdk/SoC/evalsoc/Common/Source/system_evalsoc.o
                0x80000958                _premain_init
 .text._postmain_fini
                0x80000a88        0x4 ./nuclei_sdk/SoC/evalsoc/Common/Source/system_evalsoc.o
                0x80000a88                _postmain_fini
 *fill*         0x80000a8c        0x0 
 .text._init    0x80000a8c        0x2 ./nuclei_sdk/SoC/evalsoc/Common/Source/system_evalsoc.o
                0x80000a8c                _init
 *fill*         0x80000a8e        0x2 
 .text._fini    0x80000a90        0x2 ./nuclei_sdk/SoC/evalsoc/Common/Source/system_evalsoc.o
                0x80000a90                _fini
 *fill*         0x80000a92        0x2 
 .text.dtof_ram_io_read.constprop.0
                0x80000a94       0x46 ./application/fifo.o
 *fill*         0x80000ada        0x2 
 .text.dtof_fifo_io_read.constprop.0
                0x80000adc        0x4 ./application/fifo.o
 *fill*         0x80000ae0        0x0 
 .text.MergeIntegerDecimals
                0x80000ae0       0x10 ./application/fifo.o
                0x80000ae0                MergeIntegerDecimals
 .text.jingan_fifo_decode
                0x80000af0      0x248 ./application/fifo.o
                0x80000af0                jingan_fifo_decode
 .text.__cvt    0x80000d38       0xfe D:/tools/NucleiStudio_IDE_202402_DEV-win64/NucleiStudio/toolchain/gcc/bin/../lib/gcc/riscv64-unknown-elf/13.1.1/../../../../riscv64-unknown-elf/lib/rv32emac/ilp32e\libc_nano.a(libc_a-nano-vfprintf_float.o)
                0x80000d38                __cvt
 .text.__exponent
                0x80000e36       0x9c D:/tools/NucleiStudio_IDE_202402_DEV-win64/NucleiStudio/toolchain/gcc/bin/../lib/gcc/riscv64-unknown-elf/13.1.1/../../../../riscv64-unknown-elf/lib/rv32emac/ilp32e\libc_nano.a(libc_a-nano-vfprintf_float.o)
                0x80000e36                __exponent
 .text._printf_float
                0x80000ed2      0x500 D:/tools/NucleiStudio_IDE_202402_DEV-win64/NucleiStudio/toolchain/gcc/bin/../lib/gcc/riscv64-unknown-elf/13.1.1/../../../../riscv64-unknown-elf/lib/rv32emac/ilp32e\libc_nano.a(libc_a-nano-vfprintf_float.o)
                0x80000ed2                _printf_float
 .text._printf_common
                0x800013d2      0x10a D:/tools/NucleiStudio_IDE_202402_DEV-win64/NucleiStudio/toolchain/gcc/bin/../lib/gcc/riscv64-unknown-elf/13.1.1/../../../../riscv64-unknown-elf/lib/rv32emac/ilp32e\libc_nano.a(libc_a-nano-vfprintf_i.o)
                0x800013d2                _printf_common
 .text._printf_i
                0x800014dc      0x268 D:/tools/NucleiStudio_IDE_202402_DEV-win64/NucleiStudio/toolchain/gcc/bin/../lib/gcc/riscv64-unknown-elf/13.1.1/../../../../riscv64-unknown-elf/lib/rv32emac/ilp32e\libc_nano.a(libc_a-nano-vfprintf_i.o)
                0x800014dc                _printf_i
 .text.printf   0x80001744       0x2a D:/tools/NucleiStudio_IDE_202402_DEV-win64/NucleiStudio/toolchain/gcc/bin/../lib/gcc/riscv64-unknown-elf/13.1.1/../../../../riscv64-unknown-elf/lib/rv32emac/ilp32e\libc_nano.a(libc_a-printf.o)
                0x80001744                iprintf
                0x80001744                printf
 .text.memchr   0x8000176e       0x1a D:/tools/NucleiStudio_IDE_202402_DEV-win64/NucleiStudio/toolchain/gcc/bin/../lib/gcc/riscv64-unknown-elf/13.1.1/../../../../riscv64-unknown-elf/lib/rv32emac/ilp32e\libc_nano.a(libc_a-memchr.o)
                0x8000176e                memchr
 .text._localeconv_r
                0x80001788        0xa D:/tools/NucleiStudio_IDE_202402_DEV-win64/NucleiStudio/toolchain/gcc/bin/../lib/gcc/riscv64-unknown-elf/13.1.1/../../../../riscv64-unknown-elf/lib/rv32emac/ilp32e\libc_nano.a(libc_a-localeconv.o)
                0x80001788                _localeconv_r
 .text.__libc_init_array
                0x80001792       0x72 D:/tools/NucleiStudio_IDE_202402_DEV-win64/NucleiStudio/toolchain/gcc/bin/../lib/gcc/riscv64-unknown-elf/13.1.1/../../../../riscv64-unknown-elf/lib/rv32emac/ilp32e\libc_nano.a(libc_a-init.o)
                0x80001792                __libc_init_array
 .text.isatty   0x80001804        0x4 D:/tools/NucleiStudio_IDE_202402_DEV-win64/NucleiStudio/toolchain/gcc/bin/../lib/gcc/riscv64-unknown-elf/13.1.1/../../../../riscv64-unknown-elf/lib/rv32emac/ilp32e\libc_nano.a(libc_a-sysisatty.o)
                0x80001804                isatty
 .text.strlen   0x80001808       0x12 D:/tools/NucleiStudio_IDE_202402_DEV-win64/NucleiStudio/toolchain/gcc/bin/../lib/gcc/riscv64-unknown-elf/13.1.1/../../../../riscv64-unknown-elf/lib/rv32emac/ilp32e\libc_nano.a(libc_a-strlen.o)
                0x80001808                strlen
 .text.quorem   0x8000181a      0x136 D:/tools/NucleiStudio_IDE_202402_DEV-win64/NucleiStudio/toolchain/gcc/bin/../lib/gcc/riscv64-unknown-elf/13.1.1/../../../../riscv64-unknown-elf/lib/rv32emac/ilp32e\libc_nano.a(libc_a-dtoa.o)
 .text._dtoa_r  0x80001950      0xcba D:/tools/NucleiStudio_IDE_202402_DEV-win64/NucleiStudio/toolchain/gcc/bin/../lib/gcc/riscv64-unknown-elf/13.1.1/../../../../riscv64-unknown-elf/lib/rv32emac/ilp32e\libc_nano.a(libc_a-dtoa.o)
                0x80001950                _dtoa_r
 .text.malloc   0x8000260a        0xc D:/tools/NucleiStudio_IDE_202402_DEV-win64/NucleiStudio/toolchain/gcc/bin/../lib/gcc/riscv64-unknown-elf/13.1.1/../../../../riscv64-unknown-elf/lib/rv32emac/ilp32e\libc_nano.a(libc_a-malloc.o)
                0x8000260a                malloc
 .text.sbrk_aligned
                0x80002616       0x52 D:/tools/NucleiStudio_IDE_202402_DEV-win64/NucleiStudio/toolchain/gcc/bin/../lib/gcc/riscv64-unknown-elf/13.1.1/../../../../riscv64-unknown-elf/lib/rv32emac/ilp32e\libc_nano.a(libc_a-mallocr.o)
 .text._malloc_r
                0x80002668      0x11a D:/tools/NucleiStudio_IDE_202402_DEV-win64/NucleiStudio/toolchain/gcc/bin/../lib/gcc/riscv64-unknown-elf/13.1.1/../../../../riscv64-unknown-elf/lib/rv32emac/ilp32e\libc_nano.a(libc_a-mallocr.o)
                0x80002668                _malloc_r
 .text.__malloc_lock
                0x80002782        0x8 D:/tools/NucleiStudio_IDE_202402_DEV-win64/NucleiStudio/toolchain/gcc/bin/../lib/gcc/riscv64-unknown-elf/13.1.1/../../../../riscv64-unknown-elf/lib/rv32emac/ilp32e\libc_nano.a(libc_a-mlock.o)
                0x80002782                __malloc_lock
 .text.__malloc_unlock
                0x8000278a        0x8 D:/tools/NucleiStudio_IDE_202402_DEV-win64/NucleiStudio/toolchain/gcc/bin/../lib/gcc/riscv64-unknown-elf/13.1.1/../../../../riscv64-unknown-elf/lib/rv32emac/ilp32e\libc_nano.a(libc_a-mlock.o)
                0x8000278a                __malloc_unlock
 .text._Balloc  0x80002792       0xa6 D:/tools/NucleiStudio_IDE_202402_DEV-win64/NucleiStudio/toolchain/gcc/bin/../lib/gcc/riscv64-unknown-elf/13.1.1/../../../../riscv64-unknown-elf/lib/rv32emac/ilp32e\libc_nano.a(libc_a-mprec.o)
                0x80002792                _Balloc
 .text._Bfree   0x80002838       0x5e D:/tools/NucleiStudio_IDE_202402_DEV-win64/NucleiStudio/toolchain/gcc/bin/../lib/gcc/riscv64-unknown-elf/13.1.1/../../../../riscv64-unknown-elf/lib/rv32emac/ilp32e\libc_nano.a(libc_a-mprec.o)
                0x80002838                _Bfree
 .text.__multadd
                0x80002896       0xb4 D:/tools/NucleiStudio_IDE_202402_DEV-win64/NucleiStudio/toolchain/gcc/bin/../lib/gcc/riscv64-unknown-elf/13.1.1/../../../../riscv64-unknown-elf/lib/rv32emac/ilp32e\libc_nano.a(libc_a-mprec.o)
                0x80002896                __multadd
 .text.__hi0bits
                0x8000294a       0x46 D:/tools/NucleiStudio_IDE_202402_DEV-win64/NucleiStudio/toolchain/gcc/bin/../lib/gcc/riscv64-unknown-elf/13.1.1/../../../../riscv64-unknown-elf/lib/rv32emac/ilp32e\libc_nano.a(libc_a-mprec.o)
                0x8000294a                __hi0bits
 .text.__lo0bits
                0x80002990       0x6a D:/tools/NucleiStudio_IDE_202402_DEV-win64/NucleiStudio/toolchain/gcc/bin/../lib/gcc/riscv64-unknown-elf/13.1.1/../../../../riscv64-unknown-elf/lib/rv32emac/ilp32e\libc_nano.a(libc_a-mprec.o)
                0x80002990                __lo0bits
 .text.__i2b    0x800029fa       0x36 D:/tools/NucleiStudio_IDE_202402_DEV-win64/NucleiStudio/toolchain/gcc/bin/../lib/gcc/riscv64-unknown-elf/13.1.1/../../../../riscv64-unknown-elf/lib/rv32emac/ilp32e\libc_nano.a(libc_a-mprec.o)
                0x800029fa                __i2b
 .text.__multiply
                0x80002a30      0x17e D:/tools/NucleiStudio_IDE_202402_DEV-win64/NucleiStudio/toolchain/gcc/bin/../lib/gcc/riscv64-unknown-elf/13.1.1/../../../../riscv64-unknown-elf/lib/rv32emac/ilp32e\libc_nano.a(libc_a-mprec.o)
                0x80002a30                __multiply
 .text.__pow5mult
                0x80002bae       0xc2 D:/tools/NucleiStudio_IDE_202402_DEV-win64/NucleiStudio/toolchain/gcc/bin/../lib/gcc/riscv64-unknown-elf/13.1.1/../../../../riscv64-unknown-elf/lib/rv32emac/ilp32e\libc_nano.a(libc_a-mprec.o)
                0x80002bae                __pow5mult
 .text.__lshift
                0x80002c70       0xf8 D:/tools/NucleiStudio_IDE_202402_DEV-win64/NucleiStudio/toolchain/gcc/bin/../lib/gcc/riscv64-unknown-elf/13.1.1/../../../../riscv64-unknown-elf/lib/rv32emac/ilp32e\libc_nano.a(libc_a-mprec.o)
                0x80002c70                __lshift
 .text.__mcmp   0x80002d68       0x36 D:/tools/NucleiStudio_IDE_202402_DEV-win64/NucleiStudio/toolchain/gcc/bin/../lib/gcc/riscv64-unknown-elf/13.1.1/../../../../riscv64-unknown-elf/lib/rv32emac/ilp32e\libc_nano.a(libc_a-mprec.o)
                0x80002d68                __mcmp
 .text.__mdiff  0x80002d9e      0x162 D:/tools/NucleiStudio_IDE_202402_DEV-win64/NucleiStudio/toolchain/gcc/bin/../lib/gcc/riscv64-unknown-elf/13.1.1/../../../../riscv64-unknown-elf/lib/rv32emac/ilp32e\libc_nano.a(libc_a-mprec.o)
                0x80002d9e                __mdiff
 .text.__d2b    0x80002f00       0xd4 D:/tools/NucleiStudio_IDE_202402_DEV-win64/NucleiStudio/toolchain/gcc/bin/../lib/gcc/riscv64-unknown-elf/13.1.1/../../../../riscv64-unknown-elf/lib/rv32emac/ilp32e\libc_nano.a(libc_a-mprec.o)
                0x80002f00                __d2b
 .text.__sfputc_r
                0x80002fd4       0x28 D:/tools/NucleiStudio_IDE_202402_DEV-win64/NucleiStudio/toolchain/gcc/bin/../lib/gcc/riscv64-unknown-elf/13.1.1/../../../../riscv64-unknown-elf/lib/rv32emac/ilp32e\libc_nano.a(libc_a-nano-vfprintf.o)
 .text.__sfputs_r
                0x80002ffc       0x36 D:/tools/NucleiStudio_IDE_202402_DEV-win64/NucleiStudio/toolchain/gcc/bin/../lib/gcc/riscv64-unknown-elf/13.1.1/../../../../riscv64-unknown-elf/lib/rv32emac/ilp32e\libc_nano.a(libc_a-nano-vfprintf.o)
                0x80002ffc                __sfputs_r
 .text._vfprintf_r
                0x80003032      0x2b8 D:/tools/NucleiStudio_IDE_202402_DEV-win64/NucleiStudio/toolchain/gcc/bin/../lib/gcc/riscv64-unknown-elf/13.1.1/../../../../riscv64-unknown-elf/lib/rv32emac/ilp32e\libc_nano.a(libc_a-nano-vfprintf.o)
                0x80003032                _vfprintf_r
                0x80003032                _vfiprintf_r
 .text.std      0x800032ea       0x8c D:/tools/NucleiStudio_IDE_202402_DEV-win64/NucleiStudio/toolchain/gcc/bin/../lib/gcc/riscv64-unknown-elf/13.1.1/../../../../riscv64-unknown-elf/lib/rv32emac/ilp32e\libc_nano.a(libc_a-findfp.o)
 .text.stdio_exit_handler
                0x80003376       0x1a D:/tools/NucleiStudio_IDE_202402_DEV-win64/NucleiStudio/toolchain/gcc/bin/../lib/gcc/riscv64-unknown-elf/13.1.1/../../../../riscv64-unknown-elf/lib/rv32emac/ilp32e\libc_nano.a(libc_a-findfp.o)
 .text.cleanup_stdio
                0x80003390       0x44 D:/tools/NucleiStudio_IDE_202402_DEV-win64/NucleiStudio/toolchain/gcc/bin/../lib/gcc/riscv64-unknown-elf/13.1.1/../../../../riscv64-unknown-elf/lib/rv32emac/ilp32e\libc_nano.a(libc_a-findfp.o)
 .text.global_stdio_init.part.0
                0x800033d4       0x32 D:/tools/NucleiStudio_IDE_202402_DEV-win64/NucleiStudio/toolchain/gcc/bin/../lib/gcc/riscv64-unknown-elf/13.1.1/../../../../riscv64-unknown-elf/lib/rv32emac/ilp32e\libc_nano.a(libc_a-findfp.o)
 .text.__sfp_lock_acquire
                0x80003406        0x6 D:/tools/NucleiStudio_IDE_202402_DEV-win64/NucleiStudio/toolchain/gcc/bin/../lib/gcc/riscv64-unknown-elf/13.1.1/../../../../riscv64-unknown-elf/lib/rv32emac/ilp32e\libc_nano.a(libc_a-findfp.o)
                0x80003406                __sfp_lock_acquire
 .text.__sfp_lock_release
                0x8000340c        0x6 D:/tools/NucleiStudio_IDE_202402_DEV-win64/NucleiStudio/toolchain/gcc/bin/../lib/gcc/riscv64-unknown-elf/13.1.1/../../../../riscv64-unknown-elf/lib/rv32emac/ilp32e\libc_nano.a(libc_a-findfp.o)
                0x8000340c                __sfp_lock_release
 .text.__sinit  0x80003412       0x2a D:/tools/NucleiStudio_IDE_202402_DEV-win64/NucleiStudio/toolchain/gcc/bin/../lib/gcc/riscv64-unknown-elf/13.1.1/../../../../riscv64-unknown-elf/lib/rv32emac/ilp32e\libc_nano.a(libc_a-findfp.o)
                0x80003412                __sinit
 .text._fwalk_sglue
                0x8000343c       0x56 D:/tools/NucleiStudio_IDE_202402_DEV-win64/NucleiStudio/toolchain/gcc/bin/../lib/gcc/riscv64-unknown-elf/13.1.1/../../../../riscv64-unknown-elf/lib/rv32emac/ilp32e\libc_nano.a(libc_a-fwalk.o)
                0x8000343c                _fwalk_sglue
 .text.__sread  0x80003492       0x30 D:/tools/NucleiStudio_IDE_202402_DEV-win64/NucleiStudio/toolchain/gcc/bin/../lib/gcc/riscv64-unknown-elf/13.1.1/../../../../riscv64-unknown-elf/lib/rv32emac/ilp32e\libc_nano.a(libc_a-stdio.o)
                0x80003492                __sread
 .text.__swrite
                0x800034c2       0x46 D:/tools/NucleiStudio_IDE_202402_DEV-win64/NucleiStudio/toolchain/gcc/bin/../lib/gcc/riscv64-unknown-elf/13.1.1/../../../../riscv64-unknown-elf/lib/rv32emac/ilp32e\libc_nano.a(libc_a-stdio.o)
                0x800034c2                __swrite
 .text.__sseek  0x80003508       0x36 D:/tools/NucleiStudio_IDE_202402_DEV-win64/NucleiStudio/toolchain/gcc/bin/../lib/gcc/riscv64-unknown-elf/13.1.1/../../../../riscv64-unknown-elf/lib/rv32emac/ilp32e\libc_nano.a(libc_a-stdio.o)
                0x80003508                __sseek
 .text.__sclose
                0x8000353e        0x6 D:/tools/NucleiStudio_IDE_202402_DEV-win64/NucleiStudio/toolchain/gcc/bin/../lib/gcc/riscv64-unknown-elf/13.1.1/../../../../riscv64-unknown-elf/lib/rv32emac/ilp32e\libc_nano.a(libc_a-stdio.o)
                0x8000353e                __sclose
 .text.__swbuf_r
                0x80003544       0x94 D:/tools/NucleiStudio_IDE_202402_DEV-win64/NucleiStudio/toolchain/gcc/bin/../lib/gcc/riscv64-unknown-elf/13.1.1/../../../../riscv64-unknown-elf/lib/rv32emac/ilp32e\libc_nano.a(libc_a-wbuf.o)
                0x80003544                __swbuf_r
 .text.__swsetup_r
                0x800035d8       0xc8 D:/tools/NucleiStudio_IDE_202402_DEV-win64/NucleiStudio/toolchain/gcc/bin/../lib/gcc/riscv64-unknown-elf/13.1.1/../../../../riscv64-unknown-elf/lib/rv32emac/ilp32e\libc_nano.a(libc_a-wsetup.o)
                0x800035d8                __swsetup_r
 .text._close_r
                0x800036a0       0x28 D:/tools/NucleiStudio_IDE_202402_DEV-win64/NucleiStudio/toolchain/gcc/bin/../lib/gcc/riscv64-unknown-elf/13.1.1/../../../../riscv64-unknown-elf/lib/rv32emac/ilp32e\libc_nano.a(libc_a-closer.o)
                0x800036a0                _close_r
 .text._lseek_r
                0x800036c8       0x2c D:/tools/NucleiStudio_IDE_202402_DEV-win64/NucleiStudio/toolchain/gcc/bin/../lib/gcc/riscv64-unknown-elf/13.1.1/../../../../riscv64-unknown-elf/lib/rv32emac/ilp32e\libc_nano.a(libc_a-lseekr.o)
                0x800036c8                _lseek_r
 .text._read_r  0x800036f4       0x2c D:/tools/NucleiStudio_IDE_202402_DEV-win64/NucleiStudio/toolchain/gcc/bin/../lib/gcc/riscv64-unknown-elf/13.1.1/../../../../riscv64-unknown-elf/lib/rv32emac/ilp32e\libc_nano.a(libc_a-readr.o)
                0x800036f4                _read_r
 .text._sbrk_r  0x80003720       0x28 D:/tools/NucleiStudio_IDE_202402_DEV-win64/NucleiStudio/toolchain/gcc/bin/../lib/gcc/riscv64-unknown-elf/13.1.1/../../../../riscv64-unknown-elf/lib/rv32emac/ilp32e\libc_nano.a(libc_a-sbrkr.o)
                0x80003720                _sbrk_r
 .text._write_r
                0x80003748       0x2c D:/tools/NucleiStudio_IDE_202402_DEV-win64/NucleiStudio/toolchain/gcc/bin/../lib/gcc/riscv64-unknown-elf/13.1.1/../../../../riscv64-unknown-elf/lib/rv32emac/ilp32e\libc_nano.a(libc_a-writer.o)
                0x80003748                _write_r
 .text.__retarget_lock_init_recursive
                0x80003774        0x2 D:/tools/NucleiStudio_IDE_202402_DEV-win64/NucleiStudio/toolchain/gcc/bin/../lib/gcc/riscv64-unknown-elf/13.1.1/../../../../riscv64-unknown-elf/lib/rv32emac/ilp32e\libc_nano.a(libc_a-lock.o)
                0x80003774                __retarget_lock_init_recursive
 .text.__retarget_lock_acquire_recursive
                0x80003776        0x2 D:/tools/NucleiStudio_IDE_202402_DEV-win64/NucleiStudio/toolchain/gcc/bin/../lib/gcc/riscv64-unknown-elf/13.1.1/../../../../riscv64-unknown-elf/lib/rv32emac/ilp32e\libc_nano.a(libc_a-lock.o)
                0x80003776                __retarget_lock_acquire_recursive
 .text.__retarget_lock_release_recursive
                0x80003778        0x2 D:/tools/NucleiStudio_IDE_202402_DEV-win64/NucleiStudio/toolchain/gcc/bin/../lib/gcc/riscv64-unknown-elf/13.1.1/../../../../riscv64-unknown-elf/lib/rv32emac/ilp32e\libc_nano.a(libc_a-lock.o)
                0x80003778                __retarget_lock_release_recursive
 .text          0x8000377a       0xa8 D:/tools/NucleiStudio_IDE_202402_DEV-win64/NucleiStudio/toolchain/gcc/bin/../lib/gcc/riscv64-unknown-elf/13.1.1/../../../../riscv64-unknown-elf/lib/rv32emac/ilp32e\libc_nano.a(libc_a-memset.o)
                0x8000377a                memset
 .text.memcpy   0x80003822      0x130 D:/tools/NucleiStudio_IDE_202402_DEV-win64/NucleiStudio/toolchain/gcc/bin/../lib/gcc/riscv64-unknown-elf/13.1.1/../../../../riscv64-unknown-elf/lib/rv32emac/ilp32e\libc_nano.a(libc_a-memcpy.o)
                0x80003822                memcpy
 .text.__assert_func
                0x80003952       0x3c D:/tools/NucleiStudio_IDE_202402_DEV-win64/NucleiStudio/toolchain/gcc/bin/../lib/gcc/riscv64-unknown-elf/13.1.1/../../../../riscv64-unknown-elf/lib/rv32emac/ilp32e\libc_nano.a(libc_a-assert.o)
                0x80003952                __assert_func
 .text._calloc_r
                0x8000398e       0x36 D:/tools/NucleiStudio_IDE_202402_DEV-win64/NucleiStudio/toolchain/gcc/bin/../lib/gcc/riscv64-unknown-elf/13.1.1/../../../../riscv64-unknown-elf/lib/rv32emac/ilp32e\libc_nano.a(libc_a-callocr.o)
                0x8000398e                _calloc_r
 .text._free_r  0x800039c4       0xa2 D:/tools/NucleiStudio_IDE_202402_DEV-win64/NucleiStudio/toolchain/gcc/bin/../lib/gcc/riscv64-unknown-elf/13.1.1/../../../../riscv64-unknown-elf/lib/rv32emac/ilp32e\libc_nano.a(libc_a-freer.o)
                0x800039c4                _free_r
 .text.__ascii_mbtowc
                0x80003a66       0x38 D:/tools/NucleiStudio_IDE_202402_DEV-win64/NucleiStudio/toolchain/gcc/bin/../lib/gcc/riscv64-unknown-elf/13.1.1/../../../../riscv64-unknown-elf/lib/rv32emac/ilp32e\libc_nano.a(libc_a-mbtowc_r.o)
                0x80003a66                __ascii_mbtowc
 .text.__ascii_wctomb
                0x80003a9e       0x20 D:/tools/NucleiStudio_IDE_202402_DEV-win64/NucleiStudio/toolchain/gcc/bin/../lib/gcc/riscv64-unknown-elf/13.1.1/../../../../riscv64-unknown-elf/lib/rv32emac/ilp32e\libc_nano.a(libc_a-wctomb_r.o)
                0x80003a9e                __ascii_wctomb
 .text.__sflush_r
                0x80003abe      0x132 D:/tools/NucleiStudio_IDE_202402_DEV-win64/NucleiStudio/toolchain/gcc/bin/../lib/gcc/riscv64-unknown-elf/13.1.1/../../../../riscv64-unknown-elf/lib/rv32emac/ilp32e\libc_nano.a(libc_a-fflush.o)
                0x80003abe                __sflush_r
 .text._fflush_r
                0x80003bf0       0x60 D:/tools/NucleiStudio_IDE_202402_DEV-win64/NucleiStudio/toolchain/gcc/bin/../lib/gcc/riscv64-unknown-elf/13.1.1/../../../../riscv64-unknown-elf/lib/rv32emac/ilp32e\libc_nano.a(libc_a-fflush.o)
                0x80003bf0                _fflush_r
 .text.fprintf  0x80003c50       0x26 D:/tools/NucleiStudio_IDE_202402_DEV-win64/NucleiStudio/toolchain/gcc/bin/../lib/gcc/riscv64-unknown-elf/13.1.1/../../../../riscv64-unknown-elf/lib/rv32emac/ilp32e\libc_nano.a(libc_a-fprintf.o)
                0x80003c50                fiprintf
                0x80003c50                fprintf
 .text.__swhatbuf_r
                0x80003c76       0x60 D:/tools/NucleiStudio_IDE_202402_DEV-win64/NucleiStudio/toolchain/gcc/bin/../lib/gcc/riscv64-unknown-elf/13.1.1/../../../../riscv64-unknown-elf/lib/rv32emac/ilp32e\libc_nano.a(libc_a-makebuf.o)
                0x80003c76                __swhatbuf_r
 .text.__smakebuf_r
                0x80003cd6       0x90 D:/tools/NucleiStudio_IDE_202402_DEV-win64/NucleiStudio/toolchain/gcc/bin/../lib/gcc/riscv64-unknown-elf/13.1.1/../../../../riscv64-unknown-elf/lib/rv32emac/ilp32e\libc_nano.a(libc_a-makebuf.o)
                0x80003cd6                __smakebuf_r
 .text._fstat_r
                0x80003d66       0x2a D:/tools/NucleiStudio_IDE_202402_DEV-win64/NucleiStudio/toolchain/gcc/bin/../lib/gcc/riscv64-unknown-elf/13.1.1/../../../../riscv64-unknown-elf/lib/rv32emac/ilp32e\libc_nano.a(libc_a-fstatr.o)
                0x80003d66                _fstat_r
 .text._isatty_r
                0x80003d90       0x28 D:/tools/NucleiStudio_IDE_202402_DEV-win64/NucleiStudio/toolchain/gcc/bin/../lib/gcc/riscv64-unknown-elf/13.1.1/../../../../riscv64-unknown-elf/lib/rv32emac/ilp32e\libc_nano.a(libc_a-isattyr.o)
                0x80003d90                _isatty_r
 .text.abort    0x80003db8        0xe D:/tools/NucleiStudio_IDE_202402_DEV-win64/NucleiStudio/toolchain/gcc/bin/../lib/gcc/riscv64-unknown-elf/13.1.1/../../../../riscv64-unknown-elf/lib/rv32emac/ilp32e\libc_nano.a(libc_a-abort.o)
                0x80003db8                abort
 .text._raise_r
                0x80003dc6       0x5e D:/tools/NucleiStudio_IDE_202402_DEV-win64/NucleiStudio/toolchain/gcc/bin/../lib/gcc/riscv64-unknown-elf/13.1.1/../../../../riscv64-unknown-elf/lib/rv32emac/ilp32e\libc_nano.a(libc_a-signal.o)
                0x80003dc6                _raise_r
 .text.raise    0x80003e24        0xc D:/tools/NucleiStudio_IDE_202402_DEV-win64/NucleiStudio/toolchain/gcc/bin/../lib/gcc/riscv64-unknown-elf/13.1.1/../../../../riscv64-unknown-elf/lib/rv32emac/ilp32e\libc_nano.a(libc_a-signal.o)
                0x80003e24                raise
 .text._kill_r  0x80003e30       0x2a D:/tools/NucleiStudio_IDE_202402_DEV-win64/NucleiStudio/toolchain/gcc/bin/../lib/gcc/riscv64-unknown-elf/13.1.1/../../../../riscv64-unknown-elf/lib/rv32emac/ilp32e\libc_nano.a(libc_a-signalr.o)
                0x80003e30                _kill_r
 .text._getpid_r
                0x80003e5a        0x4 D:/tools/NucleiStudio_IDE_202402_DEV-win64/NucleiStudio/toolchain/gcc/bin/../lib/gcc/riscv64-unknown-elf/13.1.1/../../../../riscv64-unknown-elf/lib/rv32emac/ilp32e\libc_nano.a(libc_a-signalr.o)
                0x80003e5a                _getpid_r
 .text          0x80003e5e      0x354 D:/tools/NucleiStudio_IDE_202402_DEV-win64/NucleiStudio/toolchain/gcc/bin/../lib/gcc/riscv64-unknown-elf/13.1.1/rv32emac/ilp32e\libgcc.a(_udivdi3.o)
                0x80003e5e                __udivdi3
 .text          0x800041b2      0x5ca D:/tools/NucleiStudio_IDE_202402_DEV-win64/NucleiStudio/toolchain/gcc/bin/../lib/gcc/riscv64-unknown-elf/13.1.1/rv32emac/ilp32e\libgcc.a(adddf3.o)
                0x800041b2                __adddf3
 .text          0x8000477c      0x574 D:/tools/NucleiStudio_IDE_202402_DEV-win64/NucleiStudio/toolchain/gcc/bin/../lib/gcc/riscv64-unknown-elf/13.1.1/rv32emac/ilp32e\libgcc.a(divdf3.o)
                0x8000477c                __divdf3
 .text          0x80004cf0       0x7a D:/tools/NucleiStudio_IDE_202402_DEV-win64/NucleiStudio/toolchain/gcc/bin/../lib/gcc/riscv64-unknown-elf/13.1.1/rv32emac/ilp32e\libgcc.a(eqdf2.o)
                0x80004cf0                __nedf2
                0x80004cf0                __eqdf2
 .text          0x80004d6a       0xa8 D:/tools/NucleiStudio_IDE_202402_DEV-win64/NucleiStudio/toolchain/gcc/bin/../lib/gcc/riscv64-unknown-elf/13.1.1/rv32emac/ilp32e\libgcc.a(gedf2.o)
                0x80004d6a                __gedf2
                0x80004d6a                __gtdf2
 .text          0x80004e12       0xa8 D:/tools/NucleiStudio_IDE_202402_DEV-win64/NucleiStudio/toolchain/gcc/bin/../lib/gcc/riscv64-unknown-elf/13.1.1/rv32emac/ilp32e\libgcc.a(ledf2.o)
                0x80004e12                __ledf2
                0x80004e12                __ltdf2
 .text          0x80004eba      0x48a D:/tools/NucleiStudio_IDE_202402_DEV-win64/NucleiStudio/toolchain/gcc/bin/../lib/gcc/riscv64-unknown-elf/13.1.1/rv32emac/ilp32e\libgcc.a(muldf3.o)
                0x80004eba                __muldf3
 .text          0x80005344      0x5d8 D:/tools/NucleiStudio_IDE_202402_DEV-win64/NucleiStudio/toolchain/gcc/bin/../lib/gcc/riscv64-unknown-elf/13.1.1/rv32emac/ilp32e\libgcc.a(subdf3.o)
                0x80005344                __subdf3
 .text          0x8000591c       0x34 D:/tools/NucleiStudio_IDE_202402_DEV-win64/NucleiStudio/toolchain/gcc/bin/../lib/gcc/riscv64-unknown-elf/13.1.1/rv32emac/ilp32e\libgcc.a(unorddf2.o)
                0x8000591c                __unorddf2
 .text          0x80005950       0x66 D:/tools/NucleiStudio_IDE_202402_DEV-win64/NucleiStudio/toolchain/gcc/bin/../lib/gcc/riscv64-unknown-elf/13.1.1/rv32emac/ilp32e\libgcc.a(fixdfsi.o)
                0x80005950                __fixdfsi
 .text          0x800059b6       0x66 D:/tools/NucleiStudio_IDE_202402_DEV-win64/NucleiStudio/toolchain/gcc/bin/../lib/gcc/riscv64-unknown-elf/13.1.1/rv32emac/ilp32e\libgcc.a(floatsidf.o)
                0x800059b6                __floatsidf
 .text          0x80005a1c       0x4c D:/tools/NucleiStudio_IDE_202402_DEV-win64/NucleiStudio/toolchain/gcc/bin/../lib/gcc/riscv64-unknown-elf/13.1.1/rv32emac/ilp32e\libgcc.a(floatunsidf.o)
                0x80005a1c                __floatunsidf
 .text          0x80005a68      0x25e D:/tools/NucleiStudio_IDE_202402_DEV-win64/NucleiStudio/toolchain/gcc/bin/../lib/gcc/riscv64-unknown-elf/13.1.1/rv32emac/ilp32e\libgcc.a(trunctfdf2.o)
                0x80005a68                __trunctfdf2
 .text          0x80005cc6       0x14 D:/tools/NucleiStudio_IDE_202402_DEV-win64/NucleiStudio/toolchain/gcc/bin/../lib/gcc/riscv64-unknown-elf/13.1.1/rv32emac/ilp32e\libgcc.a(save-restore.o)
                0x80005cc6                __riscv_save_1
                0x80005cc6                __riscv_save_2
                0x80005cc6                __riscv_save_0
                0x80005cd0                __riscv_restore_0
                0x80005cd0                __riscv_restore_1
                0x80005cd0                __riscv_restore_2
 .text          0x80005cda       0x38 D:/tools/NucleiStudio_IDE_202402_DEV-win64/NucleiStudio/toolchain/gcc/bin/../lib/gcc/riscv64-unknown-elf/13.1.1/rv32emac/ilp32e\libgcc.a(_clzsi2.o)
                0x80005cda                __clzsi2
 *(.gnu.linkonce.t.*)
                0x80005d18                        . = ALIGN (0x8)
 *fill*         0x80005d12        0x6 
 *(SORT_NONE(.fini))
                0x80005d18                        . = ALIGN (0x8)
                0x80005d18                        PROVIDE (__preinit_array_start = .)
 *(.preinit_array)
                0x80005d18                        PROVIDE (__preinit_array_end = .)
                0x80005d18                        . = ALIGN (0x8)
                0x80005d18                        PROVIDE (__init_array_start = .)
 *(SORT_BY_INIT_PRIORITY(.init_array.*) SORT_BY_INIT_PRIORITY(.ctors.*))
 *(.init_array EXCLUDE_FILE(*crtend?.o *crtend.o *crtbegin?.o *crtbegin.o) .ctors)
                0x80005d18                        PROVIDE (__init_array_end = .)
                0x80005d18                        . = ALIGN (0x8)
                [!provide]                        PROVIDE (__fini_array_start = .)
                [!provide]                        PROVIDE (__libc_fini = _fini)
 *(SORT_BY_INIT_PRIORITY(.fini_array.*) SORT_BY_INIT_PRIORITY(.dtors.*))
 *(.fini_array EXCLUDE_FILE(*crtend?.o *crtend.o *crtbegin?.o *crtbegin.o) .dtors)
                [!provide]                        PROVIDE (__fini_array_end = .)
                0x80005d18                        . = ALIGN (0x8)
 *crtbegin.o(.ctors)
 *crtbegin?.o(.ctors)
 *(EXCLUDE_FILE(*crtend?.o *crtend.o) .ctors)
 *(SORT_BY_NAME(.ctors.*))
 *(.ctors)
                0x80005d18                        . = ALIGN (0x8)
 *crtbegin.o(.dtors)
 *crtbegin?.o(.dtors)
 *(EXCLUDE_FILE(*crtend?.o *crtend.o) .dtors)
 *(SORT_BY_NAME(.dtors.*))
 *(.dtors)
                [!provide]                        PROVIDE (_ilm_lma = LOADADDR (.text))
                [!provide]                        PROVIDE (_ilm = ADDR (.text))
                [!provide]                        PROVIDE (_eilm = .)
                0x800002c0                        PROVIDE (_text_lma = LOADADDR (.text))
                0x800002c0                        PROVIDE (_text = ADDR (.text))
                0x80005d18                        PROVIDE (_etext = .)
                [!provide]                        PROVIDE (__etext = .)
                [!provide]                        PROVIDE (etext = .)

.rela.dyn       0x80005d18        0x0
 .rela.text._sbrk
                0x80005d18        0x0 ./nuclei_sdk/SoC/evalsoc/Common/Source/Stubs/newlib/close.o
 .rela.sdata.curbrk.0
                0x80005d18        0x0 ./nuclei_sdk/SoC/evalsoc/Common/Source/Stubs/newlib/close.o
 .rela.text.vtable
                0x80005d18        0x0 ./nuclei_sdk/SoC/evalsoc/Common/Source/Stubs/newlib/close.o
 .rela.text.init
                0x80005d18        0x0 ./nuclei_sdk/SoC/evalsoc/Common/Source/Stubs/newlib/close.o
 .rela.text.__libc_init_array
                0x80005d18        0x0 ./nuclei_sdk/SoC/evalsoc/Common/Source/Stubs/newlib/close.o
 .rela.text._vfprintf_r
                0x80005d18        0x0 ./nuclei_sdk/SoC/evalsoc/Common/Source/Stubs/newlib/close.o

.data           0x90000000      0x8c0
 *(.data.ctest*)
 *(.data .data.*)
 .data._impure_data
                0x90000000       0x4c D:/tools/NucleiStudio_IDE_202402_DEV-win64/NucleiStudio/toolchain/gcc/bin/../lib/gcc/riscv64-unknown-elf/13.1.1/../../../../riscv64-unknown-elf/lib/rv32emac/ilp32e\libc_nano.a(libc_a-impure.o)
                0x90000000                _impure_data
 .data.__sglue  0x9000004c        0xc D:/tools/NucleiStudio_IDE_202402_DEV-win64/NucleiStudio/toolchain/gcc/bin/../lib/gcc/riscv64-unknown-elf/13.1.1/../../../../riscv64-unknown-elf/lib/rv32emac/ilp32e\libc_nano.a(libc_a-findfp.o)
                0x9000004c                __sglue
 .data.__global_locale
                0x90000058      0x16c D:/tools/NucleiStudio_IDE_202402_DEV-win64/NucleiStudio/toolchain/gcc/bin/../lib/gcc/riscv64-unknown-elf/13.1.1/../../../../riscv64-unknown-elf/lib/rv32emac/ilp32e\libc_nano.a(libc_a-locale.o)
                0x90000058                __global_locale
 *(.gnu.linkonce.d.*)
                0x900001c8                        . = ALIGN (0x8)
 *fill*         0x900001c4        0x4 
                0x900009c8                        PROVIDE (__global_pointer$ = (. + 0x800))
 *(.sdata .sdata.* .sdata*)
 .sdata.curbrk.0
                0x900001c8        0x4 ./nuclei_sdk/SoC/evalsoc/Common/Source/Stubs/newlib/sbrk.o
 .sdata.SystemCoreClock
                0x900001cc        0x4 ./nuclei_sdk/SoC/evalsoc/Common/Source/system_evalsoc.o
                0x900001cc                SystemCoreClock
 .sdata._impure_ptr
                0x900001d0        0x4 D:/tools/NucleiStudio_IDE_202402_DEV-win64/NucleiStudio/toolchain/gcc/bin/../lib/gcc/riscv64-unknown-elf/13.1.1/../../../../riscv64-unknown-elf/lib/rv32emac/ilp32e\libc_nano.a(libc_a-impure.o)
                0x900001d0                _impure_ptr
 *(.gnu.linkonce.s.*)
                0x900001d8                        . = ALIGN (0x8)
 *fill*         0x900001d4        0x4 
 *(.srodata.cst16)
 *(.srodata.cst8)
 .srodata.cst8  0x900001d8        0x8 D:/tools/NucleiStudio_IDE_202402_DEV-win64/NucleiStudio/toolchain/gcc/bin/../lib/gcc/riscv64-unknown-elf/13.1.1/../../../../riscv64-unknown-elf/lib/rv32emac/ilp32e\libc_nano.a(libc_a-nano-vfprintf_float.o)
 .srodata.cst8  0x900001e0       0x48 D:/tools/NucleiStudio_IDE_202402_DEV-win64/NucleiStudio/toolchain/gcc/bin/../lib/gcc/riscv64-unknown-elf/13.1.1/../../../../riscv64-unknown-elf/lib/rv32emac/ilp32e\libc_nano.a(libc_a-dtoa.o)
 *(.srodata.cst4)
 *(.srodata.cst2)
 *(.srodata .srodata.*)
 *(.rdata)
 *(.rodata .rodata.*)
 .rodata.Exception_DumpFrame.str1.4
                0x90000228       0xa2 ./nuclei_sdk/SoC/evalsoc/Common/Source/system_evalsoc.o
 *fill*         0x900002ca        0x2 
 .rodata.system_default_exception_handler.str1.4
                0x900002cc       0x5e ./nuclei_sdk/SoC/evalsoc/Common/Source/system_evalsoc.o
 *fill*         0x9000032a        0x2 
 .rodata.SystemBannerPrint.str1.4
                0x9000032c       0x79 ./nuclei_sdk/SoC/evalsoc/Common/Source/system_evalsoc.o
 *fill*         0x900003a5        0x3 
 .rodata._printf_float.str1.4
                0x900003a8       0x12 D:/tools/NucleiStudio_IDE_202402_DEV-win64/NucleiStudio/toolchain/gcc/bin/../lib/gcc/riscv64-unknown-elf/13.1.1/../../../../riscv64-unknown-elf/lib/rv32emac/ilp32e\libc_nano.a(libc_a-nano-vfprintf_float.o)
 *fill*         0x900003ba        0x2 
 .rodata._printf_i.str1.4
                0x900003bc       0x25 D:/tools/NucleiStudio_IDE_202402_DEV-win64/NucleiStudio/toolchain/gcc/bin/../lib/gcc/riscv64-unknown-elf/13.1.1/../../../../riscv64-unknown-elf/lib/rv32emac/ilp32e\libc_nano.a(libc_a-nano-vfprintf_i.o)
 *fill*         0x900003e1        0x3 
 .rodata._printf_i
                0x900003e4       0x58 D:/tools/NucleiStudio_IDE_202402_DEV-win64/NucleiStudio/toolchain/gcc/bin/../lib/gcc/riscv64-unknown-elf/13.1.1/../../../../riscv64-unknown-elf/lib/rv32emac/ilp32e\libc_nano.a(libc_a-nano-vfprintf_i.o)
 .rodata._dtoa_r.str1.4
                0x9000043c       0x89 D:/tools/NucleiStudio_IDE_202402_DEV-win64/NucleiStudio/toolchain/gcc/bin/../lib/gcc/riscv64-unknown-elf/13.1.1/../../../../riscv64-unknown-elf/lib/rv32emac/ilp32e\libc_nano.a(libc_a-dtoa.o)
                                 0x8d (size before relaxing)
 *fill*         0x900004c5        0x3 
 .rodata._Balloc.str1.4
                0x900004c8       0x50 D:/tools/NucleiStudio_IDE_202402_DEV-win64/NucleiStudio/toolchain/gcc/bin/../lib/gcc/riscv64-unknown-elf/13.1.1/../../../../riscv64-unknown-elf/lib/rv32emac/ilp32e\libc_nano.a(libc_a-mprec.o)
                                 0x68 (size before relaxing)
 .rodata.__multadd.str1.4
                0x90000518       0x11 D:/tools/NucleiStudio_IDE_202402_DEV-win64/NucleiStudio/toolchain/gcc/bin/../lib/gcc/riscv64-unknown-elf/13.1.1/../../../../riscv64-unknown-elf/lib/rv32emac/ilp32e\libc_nano.a(libc_a-mprec.o)
 .rodata.p05.0  0x90000518        0xc D:/tools/NucleiStudio_IDE_202402_DEV-win64/NucleiStudio/toolchain/gcc/bin/../lib/gcc/riscv64-unknown-elf/13.1.1/../../../../riscv64-unknown-elf/lib/rv32emac/ilp32e\libc_nano.a(libc_a-mprec.o)
 *fill*         0x90000524        0x4 
 .rodata.__mprec_bigtens
                0x90000528       0x28 D:/tools/NucleiStudio_IDE_202402_DEV-win64/NucleiStudio/toolchain/gcc/bin/../lib/gcc/riscv64-unknown-elf/13.1.1/../../../../riscv64-unknown-elf/lib/rv32emac/ilp32e\libc_nano.a(libc_a-mprec.o)
                0x90000528                __mprec_bigtens
 .rodata.__mprec_tens
                0x90000550       0xc8 D:/tools/NucleiStudio_IDE_202402_DEV-win64/NucleiStudio/toolchain/gcc/bin/../lib/gcc/riscv64-unknown-elf/13.1.1/../../../../riscv64-unknown-elf/lib/rv32emac/ilp32e\libc_nano.a(libc_a-mprec.o)
                0x90000550                __mprec_tens
 .rodata._vfprintf_r.str1.4
                0x90000618       0x13 D:/tools/NucleiStudio_IDE_202402_DEV-win64/NucleiStudio/toolchain/gcc/bin/../lib/gcc/riscv64-unknown-elf/13.1.1/../../../../riscv64-unknown-elf/lib/rv32emac/ilp32e\libc_nano.a(libc_a-nano-vfprintf.o)
 *fill*         0x9000062b        0x1 
 .rodata._setlocale_r.str1.4
                0x9000062c        0xa D:/tools/NucleiStudio_IDE_202402_DEV-win64/NucleiStudio/toolchain/gcc/bin/../lib/gcc/riscv64-unknown-elf/13.1.1/../../../../riscv64-unknown-elf/lib/rv32emac/ilp32e\libc_nano.a(libc_a-locale.o)
                                  0xd (size before relaxing)
 *fill*         0x90000636        0x2 
 .rodata.str1.4
                0x90000638        0x2 D:/tools/NucleiStudio_IDE_202402_DEV-win64/NucleiStudio/toolchain/gcc/bin/../lib/gcc/riscv64-unknown-elf/13.1.1/../../../../riscv64-unknown-elf/lib/rv32emac/ilp32e\libc_nano.a(libc_a-locale.o)
 *fill*         0x9000063a        0x2 
 .rodata.__assert_func.str1.4
                0x9000063c       0x3f D:/tools/NucleiStudio_IDE_202402_DEV-win64/NucleiStudio/toolchain/gcc/bin/../lib/gcc/riscv64-unknown-elf/13.1.1/../../../../riscv64-unknown-elf/lib/rv32emac/ilp32e\libc_nano.a(libc_a-assert.o)
                                 0x43 (size before relaxing)
 *fill*         0x9000067b        0x1 
 .rodata._ctype_
                0x9000067c      0x101 D:/tools/NucleiStudio_IDE_202402_DEV-win64/NucleiStudio/toolchain/gcc/bin/../lib/gcc/riscv64-unknown-elf/13.1.1/../../../../riscv64-unknown-elf/lib/rv32emac/ilp32e\libc_nano.a(libc_a-ctype_.o)
                0x9000067c                _ctype_
 *fill*         0x9000077d        0x3 
 .rodata        0x90000780       0x3c D:/tools/NucleiStudio_IDE_202402_DEV-win64/NucleiStudio/toolchain/gcc/bin/../lib/gcc/riscv64-unknown-elf/13.1.1/rv32emac/ilp32e\libgcc.a(divdf3.o)
 .rodata        0x900007bc      0x100 D:/tools/NucleiStudio_IDE_202402_DEV-win64/NucleiStudio/toolchain/gcc/bin/../lib/gcc/riscv64-unknown-elf/13.1.1/rv32emac/ilp32e\libgcc.a(_clz.o)
                0x900007bc                __clz_tab
 *(.gnu.linkonce.r.*)
                0x900008c0                        . = ALIGN (0x8)
 *fill*         0x900008bc        0x4 
                0x900008c0                        __rt_init_start = .
 *(SORT_BY_NAME(.rti_fn*))
                0x900008c0                        __rt_init_end = .
                0x900008c0                        . = ALIGN (0x8)
                0x900008c0                        __fsymtab_start = .
 *(FSymTab)
                0x900008c0                        __fsymtab_end = .
                0x900008c0                        . = ALIGN (0x8)
                0x900008c0                        __vsymtab_start = .
 *(VSymTab)
                0x900008c0                        __vsymtab_end = .
                0x900008c0                        . = ALIGN (0x8)

.tdata          0x900008c0        0x0
                0x900008c0                        PROVIDE (__tls_base = .)
 *(.tdata .tdata.* .gnu.linkonce.td.*)
                0x90000000                        PROVIDE (_data_lma = LOADADDR (.data))
                0x90000000                        PROVIDE (_data = ADDR (.data))
                0x900008c0                        PROVIDE (_edata = .)
                [!provide]                        PROVIDE (edata = .)
                [!provide]                        PROVIDE (_fbss = .)
                0x900008c0                        PROVIDE (__bss_start = .)

.tbss           0x900008c0        0x0
 *(.tbss .tbss.* .gnu.linkonce.tb.*)
 *(.tcommon)
                [!provide]                        PROVIDE (__tls_end = .)

.tbss_space     0x900008c0        0x0
                0x900008c0                        . = (. + SIZEOF (.tbss))

.bss            0x900008c0      0x1d0
 *(.sbss*)
 .sbss.errno    0x900008c0        0x4 ./nuclei_sdk/SoC/evalsoc/Common/Source/Stubs/newlib/errno.o
                0x900008c0                errno
 .sbss.__malloc_sbrk_start
                0x900008c4        0x4 D:/tools/NucleiStudio_IDE_202402_DEV-win64/NucleiStudio/toolchain/gcc/bin/../lib/gcc/riscv64-unknown-elf/13.1.1/../../../../riscv64-unknown-elf/lib/rv32emac/ilp32e\libc_nano.a(libc_a-mallocr.o)
                0x900008c4                __malloc_sbrk_start
 .sbss.__malloc_free_list
                0x900008c8        0x4 D:/tools/NucleiStudio_IDE_202402_DEV-win64/NucleiStudio/toolchain/gcc/bin/../lib/gcc/riscv64-unknown-elf/13.1.1/../../../../riscv64-unknown-elf/lib/rv32emac/ilp32e\libc_nano.a(libc_a-mallocr.o)
                0x900008c8                __malloc_free_list
 .sbss.__stdio_exit_handler
                0x900008cc        0x4 D:/tools/NucleiStudio_IDE_202402_DEV-win64/NucleiStudio/toolchain/gcc/bin/../lib/gcc/riscv64-unknown-elf/13.1.1/../../../../riscv64-unknown-elf/lib/rv32emac/ilp32e\libc_nano.a(libc_a-findfp.o)
                0x900008cc                __stdio_exit_handler
 .sbss.__lock___malloc_recursive_mutex
                0x900008d0        0x1 D:/tools/NucleiStudio_IDE_202402_DEV-win64/NucleiStudio/toolchain/gcc/bin/../lib/gcc/riscv64-unknown-elf/13.1.1/../../../../riscv64-unknown-elf/lib/rv32emac/ilp32e\libc_nano.a(libc_a-lock.o)
                0x900008d0                __lock___malloc_recursive_mutex
 *fill*         0x900008d1        0x3 
 .sbss.__lock___sfp_recursive_mutex
                0x900008d4        0x1 D:/tools/NucleiStudio_IDE_202402_DEV-win64/NucleiStudio/toolchain/gcc/bin/../lib/gcc/riscv64-unknown-elf/13.1.1/../../../../riscv64-unknown-elf/lib/rv32emac/ilp32e\libc_nano.a(libc_a-lock.o)
                0x900008d4                __lock___sfp_recursive_mutex
 *(.gnu.linkonce.sb.*)
 *(.bss .bss.*)
 *fill*         0x900008d5        0x3 
 .bss.SystemIRegionInfo
                0x900008d8       0x14 ./nuclei_sdk/SoC/evalsoc/Common/Source/system_evalsoc.o
                0x900008d8                SystemIRegionInfo
 .bss.SystemExceptionHandlers
                0x900008ec       0x6c ./nuclei_sdk/SoC/evalsoc/Common/Source/system_evalsoc.o
 .bss.__sf      0x90000958      0x138 D:/tools/NucleiStudio_IDE_202402_DEV-win64/NucleiStudio/toolchain/gcc/bin/../lib/gcc/riscv64-unknown-elf/13.1.1/../../../../riscv64-unknown-elf/lib/rv32emac/ilp32e\libc_nano.a(libc_a-findfp.o)
                0x90000958                __sf
 *(.gnu.linkonce.b.*)
 *(COMMON)
                0x90000a90                        . = ALIGN (0x4)
                0x90000a90                        PROVIDE (_end = .)
                [!provide]                        PROVIDE (end = .)

.heap           0x90000a90      0x800
                0x90000a90                        . = ALIGN (0x10)
                0x90000a90                        PROVIDE (__heap_start = .)
                0x90001290                        . = (. + __HEAP_SIZE)
 *fill*         0x90000a90      0x800 
                0x90001290                        . = ALIGN (0x10)
                [!provide]                        PROVIDE (__heap_limit = .)

.stack          0x9000f800      0x800 load address 0x90001290
                0x9000f800                        . = ALIGN (0x10)
                [!provide]                        PROVIDE (_heap_end = .)
                0x9000f800                        PROVIDE (__heap_end = .)
                [!provide]                        PROVIDE (__StackLimit = .)
                [!provide]                        PROVIDE (__StackBottom = .)
                0x90010000                        . = (. + __TOT_STACK_SIZE)
 *fill*         0x9000f800      0x800 
                0x90010000                        . = ALIGN (0x10)
                [!provide]                        PROVIDE (__StackTop = .)
                0x90010000                        PROVIDE (_sp = .)
OUTPUT(testing2.elf elf32-littleriscv)

.debug_info     0x00000000     0x3509
 .debug_info    0x00000000       0xbf ./nuclei_sdk/SoC/evalsoc/Common/Source/Stubs/newlib/close.o
 .debug_info    0x000000bf       0x3c ./nuclei_sdk/SoC/evalsoc/Common/Source/Stubs/newlib/errno.o
 .debug_info    0x000000fb      0x10b ./nuclei_sdk/SoC/evalsoc/Common/Source/Stubs/newlib/exit.o
 .debug_info    0x00000206      0x2d9 ./nuclei_sdk/SoC/evalsoc/Common/Source/Stubs/newlib/fstat.o
 .debug_info    0x000004df       0xa3 ./nuclei_sdk/SoC/evalsoc/Common/Source/Stubs/newlib/getpid.o
 .debug_info    0x00000582       0xb3 ./nuclei_sdk/SoC/evalsoc/Common/Source/Stubs/newlib/isatty.o
 .debug_info    0x00000635       0xce ./nuclei_sdk/SoC/evalsoc/Common/Source/Stubs/newlib/kill.o
 .debug_info    0x00000703       0xcc ./nuclei_sdk/SoC/evalsoc/Common/Source/Stubs/newlib/lseek.o
 .debug_info    0x000007cf      0x2af ./nuclei_sdk/SoC/evalsoc/Common/Source/Stubs/newlib/read.o
 .debug_info    0x00000a7e       0xf9 ./nuclei_sdk/SoC/evalsoc/Common/Source/Stubs/newlib/sbrk.o
 .debug_info    0x00000b77      0x293 ./nuclei_sdk/SoC/evalsoc/Common/Source/Stubs/newlib/write.o
 .debug_info    0x00000e0a       0x23 ./nuclei_sdk/SoC/evalsoc/Common/Source/GCC/intexc_evalsoc.o
 .debug_info    0x00000e2d       0x23 ./nuclei_sdk/SoC/evalsoc/Common/Source/GCC/startup_evalsoc.o
 .debug_info    0x00000e50      0x3d4 ./nuclei_sdk/SoC/evalsoc/Common/Source/Drivers/evalsoc_uart.o
 .debug_info    0x00001224      0x870 ./nuclei_sdk/SoC/evalsoc/Common/Source/evalsoc_common.o
 .debug_info    0x00001a94     0x1211 ./nuclei_sdk/SoC/evalsoc/Common/Source/system_evalsoc.o
 .debug_info    0x00002ca5      0x282 ./application/core_main.o
 .debug_info    0x00002f27      0x5e2 ./application/fifo.o

.debug_abbrev   0x00000000     0x12f7
 .debug_abbrev  0x00000000       0x6b ./nuclei_sdk/SoC/evalsoc/Common/Source/Stubs/newlib/close.o
 .debug_abbrev  0x0000006b       0x30 ./nuclei_sdk/SoC/evalsoc/Common/Source/Stubs/newlib/errno.o
 .debug_abbrev  0x0000009b       0xca ./nuclei_sdk/SoC/evalsoc/Common/Source/Stubs/newlib/exit.o
 .debug_abbrev  0x00000165       0xcb ./nuclei_sdk/SoC/evalsoc/Common/Source/Stubs/newlib/fstat.o
 .debug_abbrev  0x00000230       0x47 ./nuclei_sdk/SoC/evalsoc/Common/Source/Stubs/newlib/getpid.o
 .debug_abbrev  0x00000277       0x58 ./nuclei_sdk/SoC/evalsoc/Common/Source/Stubs/newlib/isatty.o
 .debug_abbrev  0x000002cf       0x7c ./nuclei_sdk/SoC/evalsoc/Common/Source/Stubs/newlib/kill.o
 .debug_abbrev  0x0000034b       0x6b ./nuclei_sdk/SoC/evalsoc/Common/Source/Stubs/newlib/lseek.o
 .debug_abbrev  0x000003b6      0x16e ./nuclei_sdk/SoC/evalsoc/Common/Source/Stubs/newlib/read.o
 .debug_abbrev  0x00000524       0xab ./nuclei_sdk/SoC/evalsoc/Common/Source/Stubs/newlib/sbrk.o
 .debug_abbrev  0x000005cf      0x171 ./nuclei_sdk/SoC/evalsoc/Common/Source/Stubs/newlib/write.o
 .debug_abbrev  0x00000740       0x12 ./nuclei_sdk/SoC/evalsoc/Common/Source/GCC/intexc_evalsoc.o
 .debug_abbrev  0x00000752       0x12 ./nuclei_sdk/SoC/evalsoc/Common/Source/GCC/startup_evalsoc.o
 .debug_abbrev  0x00000764      0x13d ./nuclei_sdk/SoC/evalsoc/Common/Source/Drivers/evalsoc_uart.o
 .debug_abbrev  0x000008a1      0x2ad ./nuclei_sdk/SoC/evalsoc/Common/Source/evalsoc_common.o
 .debug_abbrev  0x00000b4e      0x4c5 ./nuclei_sdk/SoC/evalsoc/Common/Source/system_evalsoc.o
 .debug_abbrev  0x00001013      0x102 ./application/core_main.o
 .debug_abbrev  0x00001115      0x1e2 ./application/fifo.o

.debug_loclists
                0x00000000      0xa17
 .debug_loclists
                0x00000000       0x18 ./nuclei_sdk/SoC/evalsoc/Common/Source/Stubs/newlib/close.o
 .debug_loclists
                0x00000018       0x18 ./nuclei_sdk/SoC/evalsoc/Common/Source/Stubs/newlib/fstat.o
 .debug_loclists
                0x00000030       0x18 ./nuclei_sdk/SoC/evalsoc/Common/Source/Stubs/newlib/isatty.o
 .debug_loclists
                0x00000048       0x18 ./nuclei_sdk/SoC/evalsoc/Common/Source/Stubs/newlib/kill.o
 .debug_loclists
                0x00000060       0x18 ./nuclei_sdk/SoC/evalsoc/Common/Source/Stubs/newlib/lseek.o
 .debug_loclists
                0x00000078       0xbf ./nuclei_sdk/SoC/evalsoc/Common/Source/Stubs/newlib/read.o
 .debug_loclists
                0x00000137       0x18 ./nuclei_sdk/SoC/evalsoc/Common/Source/Stubs/newlib/sbrk.o
 .debug_loclists
                0x0000014f       0x9f ./nuclei_sdk/SoC/evalsoc/Common/Source/Stubs/newlib/write.o
 .debug_loclists
                0x000001ee      0x284 ./nuclei_sdk/SoC/evalsoc/Common/Source/Drivers/evalsoc_uart.o
 .debug_loclists
                0x00000472      0x21b ./nuclei_sdk/SoC/evalsoc/Common/Source/evalsoc_common.o
 .debug_loclists
                0x0000068d      0x2cc ./nuclei_sdk/SoC/evalsoc/Common/Source/system_evalsoc.o
 .debug_loclists
                0x00000959       0x24 ./application/core_main.o
 .debug_loclists
                0x0000097d       0x9a ./application/fifo.o

.debug_aranges  0x00000000      0x360
 .debug_aranges
                0x00000000       0x20 ./nuclei_sdk/SoC/evalsoc/Common/Source/Stubs/newlib/close.o
 .debug_aranges
                0x00000020       0x18 ./nuclei_sdk/SoC/evalsoc/Common/Source/Stubs/newlib/errno.o
 .debug_aranges
                0x00000038       0x20 ./nuclei_sdk/SoC/evalsoc/Common/Source/Stubs/newlib/exit.o
 .debug_aranges
                0x00000058       0x20 ./nuclei_sdk/SoC/evalsoc/Common/Source/Stubs/newlib/fstat.o
 .debug_aranges
                0x00000078       0x20 ./nuclei_sdk/SoC/evalsoc/Common/Source/Stubs/newlib/getpid.o
 .debug_aranges
                0x00000098       0x20 ./nuclei_sdk/SoC/evalsoc/Common/Source/Stubs/newlib/isatty.o
 .debug_aranges
                0x000000b8       0x20 ./nuclei_sdk/SoC/evalsoc/Common/Source/Stubs/newlib/kill.o
 .debug_aranges
                0x000000d8       0x20 ./nuclei_sdk/SoC/evalsoc/Common/Source/Stubs/newlib/lseek.o
 .debug_aranges
                0x000000f8       0x28 ./nuclei_sdk/SoC/evalsoc/Common/Source/Stubs/newlib/read.o
 .debug_aranges
                0x00000120       0x20 ./nuclei_sdk/SoC/evalsoc/Common/Source/Stubs/newlib/sbrk.o
 .debug_aranges
                0x00000140       0x28 ./nuclei_sdk/SoC/evalsoc/Common/Source/Stubs/newlib/write.o
 .debug_aranges
                0x00000168       0x28 ./nuclei_sdk/SoC/evalsoc/Common/Source/GCC/intexc_evalsoc.o
 .debug_aranges
                0x00000190       0x28 ./nuclei_sdk/SoC/evalsoc/Common/Source/GCC/startup_evalsoc.o
 .debug_aranges
                0x000001b8       0x78 ./nuclei_sdk/SoC/evalsoc/Common/Source/Drivers/evalsoc_uart.o
 .debug_aranges
                0x00000230       0x38 ./nuclei_sdk/SoC/evalsoc/Common/Source/evalsoc_common.o
 .debug_aranges
                0x00000268       0x90 ./nuclei_sdk/SoC/evalsoc/Common/Source/system_evalsoc.o
 .debug_aranges
                0x000002f8       0x20 ./application/core_main.o
 .debug_aranges
                0x00000318       0x48 ./application/fifo.o

.debug_rnglists
                0x00000000      0x617
 .debug_rnglists
                0x00000000       0x16 ./nuclei_sdk/SoC/evalsoc/Common/Source/Stubs/newlib/close.o
 .debug_rnglists
                0x00000016       0x5f ./nuclei_sdk/SoC/evalsoc/Common/Source/Stubs/newlib/exit.o
 .debug_rnglists
                0x00000075       0x16 ./nuclei_sdk/SoC/evalsoc/Common/Source/Stubs/newlib/fstat.o
 .debug_rnglists
                0x0000008b       0x16 ./nuclei_sdk/SoC/evalsoc/Common/Source/Stubs/newlib/getpid.o
 .debug_rnglists
                0x000000a1       0x16 ./nuclei_sdk/SoC/evalsoc/Common/Source/Stubs/newlib/isatty.o
 .debug_rnglists
                0x000000b7       0x16 ./nuclei_sdk/SoC/evalsoc/Common/Source/Stubs/newlib/kill.o
 .debug_rnglists
                0x000000cd       0x16 ./nuclei_sdk/SoC/evalsoc/Common/Source/Stubs/newlib/lseek.o
 .debug_rnglists
                0x000000e3       0xef ./nuclei_sdk/SoC/evalsoc/Common/Source/Stubs/newlib/read.o
 .debug_rnglists
                0x000001d2       0x16 ./nuclei_sdk/SoC/evalsoc/Common/Source/Stubs/newlib/sbrk.o
 .debug_rnglists
                0x000001e8       0x4e ./nuclei_sdk/SoC/evalsoc/Common/Source/Stubs/newlib/write.o
 .debug_rnglists
                0x00000236       0x1a ./nuclei_sdk/SoC/evalsoc/Common/Source/GCC/intexc_evalsoc.o
 .debug_rnglists
                0x00000250       0x1b ./nuclei_sdk/SoC/evalsoc/Common/Source/GCC/startup_evalsoc.o
 .debug_rnglists
                0x0000026b       0x79 ./nuclei_sdk/SoC/evalsoc/Common/Source/Drivers/evalsoc_uart.o
 .debug_rnglists
                0x000002e4       0x44 ./nuclei_sdk/SoC/evalsoc/Common/Source/evalsoc_common.o
 .debug_rnglists
                0x00000328      0x296 ./nuclei_sdk/SoC/evalsoc/Common/Source/system_evalsoc.o
 .debug_rnglists
                0x000005be       0x16 ./application/core_main.o
 .debug_rnglists
                0x000005d4       0x43 ./application/fifo.o

.debug_macro    0x00000000     0x2b3d
 .debug_macro   0x00000000      0x20e ./nuclei_sdk/SoC/evalsoc/Common/Source/Stubs/newlib/close.o
 .debug_macro   0x0000020e       0x11 ./nuclei_sdk/SoC/evalsoc/Common/Source/Stubs/newlib/errno.o
 .debug_macro   0x0000021f      0x1fa ./nuclei_sdk/SoC/evalsoc/Common/Source/Stubs/newlib/exit.o
 .debug_macro   0x00000419      0x2f3 ./nuclei_sdk/SoC/evalsoc/Common/Source/Stubs/newlib/fstat.o
 .debug_macro   0x0000070c      0x12c ./nuclei_sdk/SoC/evalsoc/Common/Source/Stubs/newlib/fstat.o
 .debug_macro   0x00000838       0x16 ./nuclei_sdk/SoC/evalsoc/Common/Source/Stubs/newlib/fstat.o
 .debug_macro   0x0000084e      0x51a ./nuclei_sdk/SoC/evalsoc/Common/Source/Stubs/newlib/fstat.o
 .debug_macro   0x00000d68      0x208 ./nuclei_sdk/SoC/evalsoc/Common/Source/Stubs/newlib/getpid.o
 .debug_macro   0x00000f70      0x29d ./nuclei_sdk/SoC/evalsoc/Common/Source/Stubs/newlib/isatty.o
 .debug_macro   0x0000120d      0x20e ./nuclei_sdk/SoC/evalsoc/Common/Source/Stubs/newlib/kill.o
 .debug_macro   0x0000141b      0x20e ./nuclei_sdk/SoC/evalsoc/Common/Source/Stubs/newlib/lseek.o
 .debug_macro   0x00001629      0x2d4 ./nuclei_sdk/SoC/evalsoc/Common/Source/Stubs/newlib/read.o
 .debug_macro   0x000018fd       0x10 ./nuclei_sdk/SoC/evalsoc/Common/Source/Stubs/newlib/read.o
 .debug_macro   0x0000190d      0x2a1 ./nuclei_sdk/SoC/evalsoc/Common/Source/Stubs/newlib/sbrk.o
 .debug_macro   0x00001bae      0x2d4 ./nuclei_sdk/SoC/evalsoc/Common/Source/Stubs/newlib/write.o
 .debug_macro   0x00001e82      0x1ec ./nuclei_sdk/SoC/evalsoc/Common/Source/Drivers/evalsoc_uart.o
 .debug_macro   0x0000206e      0x22c ./nuclei_sdk/SoC/evalsoc/Common/Source/evalsoc_common.o
 .debug_macro   0x0000229a      0x278 ./nuclei_sdk/SoC/evalsoc/Common/Source/system_evalsoc.o
 .debug_macro   0x00002512       0x16 ./nuclei_sdk/SoC/evalsoc/Common/Source/system_evalsoc.o
 .debug_macro   0x00002528       0x9e ./nuclei_sdk/SoC/evalsoc/Common/Source/system_evalsoc.o
 .debug_macro   0x000025c6       0x10 ./nuclei_sdk/SoC/evalsoc/Common/Source/system_evalsoc.o
 .debug_macro   0x000025d6       0x16 ./nuclei_sdk/SoC/evalsoc/Common/Source/system_evalsoc.o
 .debug_macro   0x000025ec       0x16 ./nuclei_sdk/SoC/evalsoc/Common/Source/system_evalsoc.o
 .debug_macro   0x00002602      0x170 ./nuclei_sdk/SoC/evalsoc/Common/Source/system_evalsoc.o
 .debug_macro   0x00002772      0x273 ./application/core_main.o
 .debug_macro   0x000029e5       0x9a ./application/core_main.o
 .debug_macro   0x00002a7f       0x2e ./application/core_main.o
 .debug_macro   0x00002aad       0x90 ./application/fifo.o

.debug_line     0x00000000     0x357c
 .debug_line    0x00000000      0x149 ./nuclei_sdk/SoC/evalsoc/Common/Source/Stubs/newlib/close.o
 .debug_line    0x00000149       0x3a ./nuclei_sdk/SoC/evalsoc/Common/Source/Stubs/newlib/errno.o
 .debug_line    0x00000183      0x194 ./nuclei_sdk/SoC/evalsoc/Common/Source/Stubs/newlib/exit.o
 .debug_line    0x00000317      0x1e0 ./nuclei_sdk/SoC/evalsoc/Common/Source/Stubs/newlib/fstat.o
 .debug_line    0x000004f7      0x13f ./nuclei_sdk/SoC/evalsoc/Common/Source/Stubs/newlib/getpid.o
 .debug_line    0x00000636      0x176 ./nuclei_sdk/SoC/evalsoc/Common/Source/Stubs/newlib/isatty.o
 .debug_line    0x000007ac      0x149 ./nuclei_sdk/SoC/evalsoc/Common/Source/Stubs/newlib/kill.o
 .debug_line    0x000008f5      0x13f ./nuclei_sdk/SoC/evalsoc/Common/Source/Stubs/newlib/lseek.o
 .debug_line    0x00000a34      0x4c6 ./nuclei_sdk/SoC/evalsoc/Common/Source/Stubs/newlib/read.o
 .debug_line    0x00000efa      0x1bc ./nuclei_sdk/SoC/evalsoc/Common/Source/Stubs/newlib/sbrk.o
 .debug_line    0x000010b6      0x25a ./nuclei_sdk/SoC/evalsoc/Common/Source/Stubs/newlib/write.o
 .debug_line    0x00001310       0xb0 ./nuclei_sdk/SoC/evalsoc/Common/Source/GCC/intexc_evalsoc.o
 .debug_line    0x000013c0      0x1e1 ./nuclei_sdk/SoC/evalsoc/Common/Source/GCC/startup_evalsoc.o
 .debug_line    0x000015a1      0x6e0 ./nuclei_sdk/SoC/evalsoc/Common/Source/Drivers/evalsoc_uart.o
 .debug_line    0x00001c81      0x578 ./nuclei_sdk/SoC/evalsoc/Common/Source/evalsoc_common.o
 .debug_line    0x000021f9      0xacb ./nuclei_sdk/SoC/evalsoc/Common/Source/system_evalsoc.o
 .debug_line    0x00002cc4      0x164 ./application/core_main.o
 .debug_line    0x00002e28      0x754 ./application/fifo.o

.debug_str      0x00000000    0x12ed0
 .debug_str     0x00000000     0xeffc ./nuclei_sdk/SoC/evalsoc/Common/Source/Stubs/newlib/close.o
                               0xf1eb (size before relaxing)
 .debug_str     0x0000effc     0x2be0 ./nuclei_sdk/SoC/evalsoc/Common/Source/Stubs/newlib/errno.o
 .debug_str     0x0000effc       0x1c ./nuclei_sdk/SoC/evalsoc/Common/Source/Stubs/newlib/exit.o
                               0xed97 (size before relaxing)
 .debug_str     0x0000f018     0x1fab ./nuclei_sdk/SoC/evalsoc/Common/Source/Stubs/newlib/fstat.o
                              0x111f2 (size before relaxing)
 .debug_str     0x00010fc3        0x8 ./nuclei_sdk/SoC/evalsoc/Common/Source/Stubs/newlib/getpid.o
                               0xf1e6 (size before relaxing)
 .debug_str     0x00010fcb        0x8 ./nuclei_sdk/SoC/evalsoc/Common/Source/Stubs/newlib/isatty.o
                              0x106b6 (size before relaxing)
 .debug_str     0x00010fd3        0x6 ./nuclei_sdk/SoC/evalsoc/Common/Source/Stubs/newlib/kill.o
                               0xf1ea (size before relaxing)
 .debug_str     0x00010fd9       0x15 ./nuclei_sdk/SoC/evalsoc/Common/Source/Stubs/newlib/lseek.o
                               0xf1fe (size before relaxing)
 .debug_str     0x00010fee       0xa1 ./nuclei_sdk/SoC/evalsoc/Common/Source/Stubs/newlib/read.o
                              0x10bf2 (size before relaxing)
 .debug_str     0x0001108f       0x2a ./nuclei_sdk/SoC/evalsoc/Common/Source/Stubs/newlib/sbrk.o
                              0x106e2 (size before relaxing)
 .debug_str     0x000110b9       0x26 ./nuclei_sdk/SoC/evalsoc/Common/Source/Stubs/newlib/write.o
                              0x10c0e (size before relaxing)
 .debug_str     0x000110df       0x7d ./nuclei_sdk/SoC/evalsoc/Common/Source/GCC/intexc_evalsoc.o
 .debug_str     0x0001115c       0x3e ./nuclei_sdk/SoC/evalsoc/Common/Source/GCC/startup_evalsoc.o
                                 0x7e (size before relaxing)
 .debug_str     0x0001119a      0x11d ./nuclei_sdk/SoC/evalsoc/Common/Source/Drivers/evalsoc_uart.o
                               0xef07 (size before relaxing)
 .debug_str     0x000112b7      0x219 ./nuclei_sdk/SoC/evalsoc/Common/Source/evalsoc_common.o
                               0xf049 (size before relaxing)
 .debug_str     0x000114d0      0xf78 ./nuclei_sdk/SoC/evalsoc/Common/Source/system_evalsoc.o
                              0x10018 (size before relaxing)
 .debug_str     0x00012448      0x7cf ./application/core_main.o
                               0xfc41 (size before relaxing)
 .debug_str     0x00012c17      0x2b9 ./application/fifo.o
                               0x45c9 (size before relaxing)

.debug_line_str
                0x00000000      0xa1b
 .debug_line_str
                0x00000000      0x4f9 ./nuclei_sdk/SoC/evalsoc/Common/Source/Stubs/newlib/close.o
                                0x578 (size before relaxing)
 .debug_line_str
                0x000004f9       0x3d ./nuclei_sdk/SoC/evalsoc/Common/Source/Stubs/newlib/errno.o
                                 0xe6 (size before relaxing)
 .debug_line_str
                0x00000536       0x3c ./nuclei_sdk/SoC/evalsoc/Common/Source/Stubs/newlib/exit.o
                                0x565 (size before relaxing)
 .debug_line_str
                0x00000572       0xaa ./nuclei_sdk/SoC/evalsoc/Common/Source/Stubs/newlib/fstat.o
                                0x619 (size before relaxing)
 .debug_line_str
                0x0000061c       0x3e ./nuclei_sdk/SoC/evalsoc/Common/Source/Stubs/newlib/getpid.o
                                0x57b (size before relaxing)
 .debug_line_str
                0x0000065a       0x3e ./nuclei_sdk/SoC/evalsoc/Common/Source/Stubs/newlib/isatty.o
                                0x5ed (size before relaxing)
 .debug_line_str
                0x00000698       0x3c ./nuclei_sdk/SoC/evalsoc/Common/Source/Stubs/newlib/kill.o
                                0x575 (size before relaxing)
 .debug_line_str
                0x000006d4       0x3d ./nuclei_sdk/SoC/evalsoc/Common/Source/Stubs/newlib/lseek.o
                                0x578 (size before relaxing)
 .debug_line_str
                0x00000711       0xc8 ./nuclei_sdk/SoC/evalsoc/Common/Source/Stubs/newlib/read.o
                                0x683 (size before relaxing)
 .debug_line_str
                0x000007d9       0x3c ./nuclei_sdk/SoC/evalsoc/Common/Source/Stubs/newlib/sbrk.o
                                0x5e7 (size before relaxing)
 .debug_line_str
                0x00000815       0x3d ./nuclei_sdk/SoC/evalsoc/Common/Source/Stubs/newlib/write.o
                                0x686 (size before relaxing)
 .debug_line_str
                0x00000852       0x3d ./nuclei_sdk/SoC/evalsoc/Common/Source/GCC/intexc_evalsoc.o
                                 0x6f (size before relaxing)
 .debug_line_str
                0x0000088f       0x12 ./nuclei_sdk/SoC/evalsoc/Common/Source/GCC/startup_evalsoc.o
                                 0x70 (size before relaxing)
 .debug_line_str
                0x000008a1       0x6f ./nuclei_sdk/SoC/evalsoc/Common/Source/Drivers/evalsoc_uart.o
                                0x562 (size before relaxing)
 .debug_line_str
                0x00000910       0x61 ./nuclei_sdk/SoC/evalsoc/Common/Source/evalsoc_common.o
                                0x569 (size before relaxing)
 .debug_line_str
                0x00000971       0x4a ./nuclei_sdk/SoC/evalsoc/Common/Source/system_evalsoc.o
                                0x60e (size before relaxing)
 .debug_line_str
                0x000009bb       0x4a ./application/core_main.o
                                0x56a (size before relaxing)
 .debug_line_str
                0x00000a05       0x16 ./application/fifo.o
                                0x2a7 (size before relaxing)

.comment        0x00000000       0x22
 .comment       0x00000000       0x22 ./nuclei_sdk/SoC/evalsoc/Common/Source/Stubs/newlib/close.o
                                 0x23 (size before relaxing)
 .comment       0x00000022       0x23 ./nuclei_sdk/SoC/evalsoc/Common/Source/Stubs/newlib/errno.o
 .comment       0x00000022       0x23 ./nuclei_sdk/SoC/evalsoc/Common/Source/Stubs/newlib/exit.o
 .comment       0x00000022       0x23 ./nuclei_sdk/SoC/evalsoc/Common/Source/Stubs/newlib/fstat.o
 .comment       0x00000022       0x23 ./nuclei_sdk/SoC/evalsoc/Common/Source/Stubs/newlib/getpid.o
 .comment       0x00000022       0x23 ./nuclei_sdk/SoC/evalsoc/Common/Source/Stubs/newlib/isatty.o
 .comment       0x00000022       0x23 ./nuclei_sdk/SoC/evalsoc/Common/Source/Stubs/newlib/kill.o
 .comment       0x00000022       0x23 ./nuclei_sdk/SoC/evalsoc/Common/Source/Stubs/newlib/lseek.o
 .comment       0x00000022       0x23 ./nuclei_sdk/SoC/evalsoc/Common/Source/Stubs/newlib/read.o
 .comment       0x00000022       0x23 ./nuclei_sdk/SoC/evalsoc/Common/Source/Stubs/newlib/sbrk.o
 .comment       0x00000022       0x23 ./nuclei_sdk/SoC/evalsoc/Common/Source/Stubs/newlib/write.o
 .comment       0x00000022       0x23 ./nuclei_sdk/SoC/evalsoc/Common/Source/Drivers/evalsoc_uart.o
 .comment       0x00000022       0x23 ./nuclei_sdk/SoC/evalsoc/Common/Source/evalsoc_common.o
 .comment       0x00000022       0x23 ./nuclei_sdk/SoC/evalsoc/Common/Source/system_evalsoc.o
 .comment       0x00000022       0x23 ./application/core_main.o
 .comment       0x00000022       0x23 ./application/fifo.o
 .comment       0x00000022       0x23 D:/tools/NucleiStudio_IDE_202402_DEV-win64/NucleiStudio/toolchain/gcc/bin/../lib/gcc/riscv64-unknown-elf/13.1.1/../../../../riscv64-unknown-elf/lib/rv32emac/ilp32e\libc_nano.a(libc_a-nano-vfprintf_float.o)
 .comment       0x00000022       0x23 D:/tools/NucleiStudio_IDE_202402_DEV-win64/NucleiStudio/toolchain/gcc/bin/../lib/gcc/riscv64-unknown-elf/13.1.1/../../../../riscv64-unknown-elf/lib/rv32emac/ilp32e\libc_nano.a(libc_a-nano-vfprintf_i.o)
 .comment       0x00000022       0x23 D:/tools/NucleiStudio_IDE_202402_DEV-win64/NucleiStudio/toolchain/gcc/bin/../lib/gcc/riscv64-unknown-elf/13.1.1/../../../../riscv64-unknown-elf/lib/rv32emac/ilp32e\libc_nano.a(libc_a-printf.o)
 .comment       0x00000022       0x23 D:/tools/NucleiStudio_IDE_202402_DEV-win64/NucleiStudio/toolchain/gcc/bin/../lib/gcc/riscv64-unknown-elf/13.1.1/../../../../riscv64-unknown-elf/lib/rv32emac/ilp32e\libc_nano.a(libc_a-memchr.o)
 .comment       0x00000022       0x23 D:/tools/NucleiStudio_IDE_202402_DEV-win64/NucleiStudio/toolchain/gcc/bin/../lib/gcc/riscv64-unknown-elf/13.1.1/../../../../riscv64-unknown-elf/lib/rv32emac/ilp32e\libc_nano.a(libc_a-localeconv.o)
 .comment       0x00000022       0x23 D:/tools/NucleiStudio_IDE_202402_DEV-win64/NucleiStudio/toolchain/gcc/bin/../lib/gcc/riscv64-unknown-elf/13.1.1/../../../../riscv64-unknown-elf/lib/rv32emac/ilp32e\libc_nano.a(libc_a-impure.o)
 .comment       0x00000022       0x23 D:/tools/NucleiStudio_IDE_202402_DEV-win64/NucleiStudio/toolchain/gcc/bin/../lib/gcc/riscv64-unknown-elf/13.1.1/../../../../riscv64-unknown-elf/lib/rv32emac/ilp32e\libc_nano.a(libc_a-init.o)
 .comment       0x00000022       0x23 D:/tools/NucleiStudio_IDE_202402_DEV-win64/NucleiStudio/toolchain/gcc/bin/../lib/gcc/riscv64-unknown-elf/13.1.1/../../../../riscv64-unknown-elf/lib/rv32emac/ilp32e\libc_nano.a(libc_a-sysisatty.o)
 .comment       0x00000022       0x23 D:/tools/NucleiStudio_IDE_202402_DEV-win64/NucleiStudio/toolchain/gcc/bin/../lib/gcc/riscv64-unknown-elf/13.1.1/../../../../riscv64-unknown-elf/lib/rv32emac/ilp32e\libc_nano.a(libc_a-strlen.o)
 .comment       0x00000022       0x23 D:/tools/NucleiStudio_IDE_202402_DEV-win64/NucleiStudio/toolchain/gcc/bin/../lib/gcc/riscv64-unknown-elf/13.1.1/../../../../riscv64-unknown-elf/lib/rv32emac/ilp32e\libc_nano.a(libc_a-dtoa.o)
 .comment       0x00000022       0x23 D:/tools/NucleiStudio_IDE_202402_DEV-win64/NucleiStudio/toolchain/gcc/bin/../lib/gcc/riscv64-unknown-elf/13.1.1/../../../../riscv64-unknown-elf/lib/rv32emac/ilp32e\libc_nano.a(libc_a-malloc.o)
 .comment       0x00000022       0x23 D:/tools/NucleiStudio_IDE_202402_DEV-win64/NucleiStudio/toolchain/gcc/bin/../lib/gcc/riscv64-unknown-elf/13.1.1/../../../../riscv64-unknown-elf/lib/rv32emac/ilp32e\libc_nano.a(libc_a-mallocr.o)
 .comment       0x00000022       0x23 D:/tools/NucleiStudio_IDE_202402_DEV-win64/NucleiStudio/toolchain/gcc/bin/../lib/gcc/riscv64-unknown-elf/13.1.1/../../../../riscv64-unknown-elf/lib/rv32emac/ilp32e\libc_nano.a(libc_a-mlock.o)
 .comment       0x00000022       0x23 D:/tools/NucleiStudio_IDE_202402_DEV-win64/NucleiStudio/toolchain/gcc/bin/../lib/gcc/riscv64-unknown-elf/13.1.1/../../../../riscv64-unknown-elf/lib/rv32emac/ilp32e\libc_nano.a(libc_a-mprec.o)
 .comment       0x00000022       0x23 D:/tools/NucleiStudio_IDE_202402_DEV-win64/NucleiStudio/toolchain/gcc/bin/../lib/gcc/riscv64-unknown-elf/13.1.1/../../../../riscv64-unknown-elf/lib/rv32emac/ilp32e\libc_nano.a(libc_a-nano-vfprintf.o)
 .comment       0x00000022       0x23 D:/tools/NucleiStudio_IDE_202402_DEV-win64/NucleiStudio/toolchain/gcc/bin/../lib/gcc/riscv64-unknown-elf/13.1.1/../../../../riscv64-unknown-elf/lib/rv32emac/ilp32e\libc_nano.a(libc_a-findfp.o)
 .comment       0x00000022       0x23 D:/tools/NucleiStudio_IDE_202402_DEV-win64/NucleiStudio/toolchain/gcc/bin/../lib/gcc/riscv64-unknown-elf/13.1.1/../../../../riscv64-unknown-elf/lib/rv32emac/ilp32e\libc_nano.a(libc_a-fwalk.o)
 .comment       0x00000022       0x23 D:/tools/NucleiStudio_IDE_202402_DEV-win64/NucleiStudio/toolchain/gcc/bin/../lib/gcc/riscv64-unknown-elf/13.1.1/../../../../riscv64-unknown-elf/lib/rv32emac/ilp32e\libc_nano.a(libc_a-stdio.o)
 .comment       0x00000022       0x23 D:/tools/NucleiStudio_IDE_202402_DEV-win64/NucleiStudio/toolchain/gcc/bin/../lib/gcc/riscv64-unknown-elf/13.1.1/../../../../riscv64-unknown-elf/lib/rv32emac/ilp32e\libc_nano.a(libc_a-wbuf.o)
 .comment       0x00000022       0x23 D:/tools/NucleiStudio_IDE_202402_DEV-win64/NucleiStudio/toolchain/gcc/bin/../lib/gcc/riscv64-unknown-elf/13.1.1/../../../../riscv64-unknown-elf/lib/rv32emac/ilp32e\libc_nano.a(libc_a-wsetup.o)
 .comment       0x00000022       0x23 D:/tools/NucleiStudio_IDE_202402_DEV-win64/NucleiStudio/toolchain/gcc/bin/../lib/gcc/riscv64-unknown-elf/13.1.1/../../../../riscv64-unknown-elf/lib/rv32emac/ilp32e\libc_nano.a(libc_a-locale.o)
 .comment       0x00000022       0x23 D:/tools/NucleiStudio_IDE_202402_DEV-win64/NucleiStudio/toolchain/gcc/bin/../lib/gcc/riscv64-unknown-elf/13.1.1/../../../../riscv64-unknown-elf/lib/rv32emac/ilp32e\libc_nano.a(libc_a-closer.o)
 .comment       0x00000022       0x23 D:/tools/NucleiStudio_IDE_202402_DEV-win64/NucleiStudio/toolchain/gcc/bin/../lib/gcc/riscv64-unknown-elf/13.1.1/../../../../riscv64-unknown-elf/lib/rv32emac/ilp32e\libc_nano.a(libc_a-lseekr.o)
 .comment       0x00000022       0x23 D:/tools/NucleiStudio_IDE_202402_DEV-win64/NucleiStudio/toolchain/gcc/bin/../lib/gcc/riscv64-unknown-elf/13.1.1/../../../../riscv64-unknown-elf/lib/rv32emac/ilp32e\libc_nano.a(libc_a-readr.o)
 .comment       0x00000022       0x23 D:/tools/NucleiStudio_IDE_202402_DEV-win64/NucleiStudio/toolchain/gcc/bin/../lib/gcc/riscv64-unknown-elf/13.1.1/../../../../riscv64-unknown-elf/lib/rv32emac/ilp32e\libc_nano.a(libc_a-sbrkr.o)
 .comment       0x00000022       0x23 D:/tools/NucleiStudio_IDE_202402_DEV-win64/NucleiStudio/toolchain/gcc/bin/../lib/gcc/riscv64-unknown-elf/13.1.1/../../../../riscv64-unknown-elf/lib/rv32emac/ilp32e\libc_nano.a(libc_a-writer.o)
 .comment       0x00000022       0x23 D:/tools/NucleiStudio_IDE_202402_DEV-win64/NucleiStudio/toolchain/gcc/bin/../lib/gcc/riscv64-unknown-elf/13.1.1/../../../../riscv64-unknown-elf/lib/rv32emac/ilp32e\libc_nano.a(libc_a-lock.o)
 .comment       0x00000022       0x23 D:/tools/NucleiStudio_IDE_202402_DEV-win64/NucleiStudio/toolchain/gcc/bin/../lib/gcc/riscv64-unknown-elf/13.1.1/../../../../riscv64-unknown-elf/lib/rv32emac/ilp32e\libc_nano.a(libc_a-memcpy.o)
 .comment       0x00000022       0x23 D:/tools/NucleiStudio_IDE_202402_DEV-win64/NucleiStudio/toolchain/gcc/bin/../lib/gcc/riscv64-unknown-elf/13.1.1/../../../../riscv64-unknown-elf/lib/rv32emac/ilp32e\libc_nano.a(libc_a-assert.o)
 .comment       0x00000022       0x23 D:/tools/NucleiStudio_IDE_202402_DEV-win64/NucleiStudio/toolchain/gcc/bin/../lib/gcc/riscv64-unknown-elf/13.1.1/../../../../riscv64-unknown-elf/lib/rv32emac/ilp32e\libc_nano.a(libc_a-callocr.o)
 .comment       0x00000022       0x23 D:/tools/NucleiStudio_IDE_202402_DEV-win64/NucleiStudio/toolchain/gcc/bin/../lib/gcc/riscv64-unknown-elf/13.1.1/../../../../riscv64-unknown-elf/lib/rv32emac/ilp32e\libc_nano.a(libc_a-freer.o)
 .comment       0x00000022       0x23 D:/tools/NucleiStudio_IDE_202402_DEV-win64/NucleiStudio/toolchain/gcc/bin/../lib/gcc/riscv64-unknown-elf/13.1.1/../../../../riscv64-unknown-elf/lib/rv32emac/ilp32e\libc_nano.a(libc_a-mbtowc_r.o)
 .comment       0x00000022       0x23 D:/tools/NucleiStudio_IDE_202402_DEV-win64/NucleiStudio/toolchain/gcc/bin/../lib/gcc/riscv64-unknown-elf/13.1.1/../../../../riscv64-unknown-elf/lib/rv32emac/ilp32e\libc_nano.a(libc_a-wctomb_r.o)
 .comment       0x00000022       0x23 D:/tools/NucleiStudio_IDE_202402_DEV-win64/NucleiStudio/toolchain/gcc/bin/../lib/gcc/riscv64-unknown-elf/13.1.1/../../../../riscv64-unknown-elf/lib/rv32emac/ilp32e\libc_nano.a(libc_a-ctype_.o)
 .comment       0x00000022       0x23 D:/tools/NucleiStudio_IDE_202402_DEV-win64/NucleiStudio/toolchain/gcc/bin/../lib/gcc/riscv64-unknown-elf/13.1.1/../../../../riscv64-unknown-elf/lib/rv32emac/ilp32e\libc_nano.a(libc_a-fflush.o)
 .comment       0x00000022       0x23 D:/tools/NucleiStudio_IDE_202402_DEV-win64/NucleiStudio/toolchain/gcc/bin/../lib/gcc/riscv64-unknown-elf/13.1.1/../../../../riscv64-unknown-elf/lib/rv32emac/ilp32e\libc_nano.a(libc_a-fprintf.o)
 .comment       0x00000022       0x23 D:/tools/NucleiStudio_IDE_202402_DEV-win64/NucleiStudio/toolchain/gcc/bin/../lib/gcc/riscv64-unknown-elf/13.1.1/../../../../riscv64-unknown-elf/lib/rv32emac/ilp32e\libc_nano.a(libc_a-makebuf.o)
 .comment       0x00000022       0x23 D:/tools/NucleiStudio_IDE_202402_DEV-win64/NucleiStudio/toolchain/gcc/bin/../lib/gcc/riscv64-unknown-elf/13.1.1/../../../../riscv64-unknown-elf/lib/rv32emac/ilp32e\libc_nano.a(libc_a-fstatr.o)
 .comment       0x00000022       0x23 D:/tools/NucleiStudio_IDE_202402_DEV-win64/NucleiStudio/toolchain/gcc/bin/../lib/gcc/riscv64-unknown-elf/13.1.1/../../../../riscv64-unknown-elf/lib/rv32emac/ilp32e\libc_nano.a(libc_a-isattyr.o)
 .comment       0x00000022       0x23 D:/tools/NucleiStudio_IDE_202402_DEV-win64/NucleiStudio/toolchain/gcc/bin/../lib/gcc/riscv64-unknown-elf/13.1.1/../../../../riscv64-unknown-elf/lib/rv32emac/ilp32e\libc_nano.a(libc_a-abort.o)
 .comment       0x00000022       0x23 D:/tools/NucleiStudio_IDE_202402_DEV-win64/NucleiStudio/toolchain/gcc/bin/../lib/gcc/riscv64-unknown-elf/13.1.1/../../../../riscv64-unknown-elf/lib/rv32emac/ilp32e\libc_nano.a(libc_a-signal.o)
 .comment       0x00000022       0x23 D:/tools/NucleiStudio_IDE_202402_DEV-win64/NucleiStudio/toolchain/gcc/bin/../lib/gcc/riscv64-unknown-elf/13.1.1/../../../../riscv64-unknown-elf/lib/rv32emac/ilp32e\libc_nano.a(libc_a-signalr.o)
 .comment       0x00000022       0x23 D:/tools/NucleiStudio_IDE_202402_DEV-win64/NucleiStudio/toolchain/gcc/bin/../lib/gcc/riscv64-unknown-elf/13.1.1/rv32emac/ilp32e\libgcc.a(_udivdi3.o)
 .comment       0x00000022       0x23 D:/tools/NucleiStudio_IDE_202402_DEV-win64/NucleiStudio/toolchain/gcc/bin/../lib/gcc/riscv64-unknown-elf/13.1.1/rv32emac/ilp32e\libgcc.a(adddf3.o)
 .comment       0x00000022       0x23 D:/tools/NucleiStudio_IDE_202402_DEV-win64/NucleiStudio/toolchain/gcc/bin/../lib/gcc/riscv64-unknown-elf/13.1.1/rv32emac/ilp32e\libgcc.a(divdf3.o)
 .comment       0x00000022       0x23 D:/tools/NucleiStudio_IDE_202402_DEV-win64/NucleiStudio/toolchain/gcc/bin/../lib/gcc/riscv64-unknown-elf/13.1.1/rv32emac/ilp32e\libgcc.a(eqdf2.o)
 .comment       0x00000022       0x23 D:/tools/NucleiStudio_IDE_202402_DEV-win64/NucleiStudio/toolchain/gcc/bin/../lib/gcc/riscv64-unknown-elf/13.1.1/rv32emac/ilp32e\libgcc.a(gedf2.o)
 .comment       0x00000022       0x23 D:/tools/NucleiStudio_IDE_202402_DEV-win64/NucleiStudio/toolchain/gcc/bin/../lib/gcc/riscv64-unknown-elf/13.1.1/rv32emac/ilp32e\libgcc.a(ledf2.o)
 .comment       0x00000022       0x23 D:/tools/NucleiStudio_IDE_202402_DEV-win64/NucleiStudio/toolchain/gcc/bin/../lib/gcc/riscv64-unknown-elf/13.1.1/rv32emac/ilp32e\libgcc.a(muldf3.o)
 .comment       0x00000022       0x23 D:/tools/NucleiStudio_IDE_202402_DEV-win64/NucleiStudio/toolchain/gcc/bin/../lib/gcc/riscv64-unknown-elf/13.1.1/rv32emac/ilp32e\libgcc.a(subdf3.o)
 .comment       0x00000022       0x23 D:/tools/NucleiStudio_IDE_202402_DEV-win64/NucleiStudio/toolchain/gcc/bin/../lib/gcc/riscv64-unknown-elf/13.1.1/rv32emac/ilp32e\libgcc.a(unorddf2.o)
 .comment       0x00000022       0x23 D:/tools/NucleiStudio_IDE_202402_DEV-win64/NucleiStudio/toolchain/gcc/bin/../lib/gcc/riscv64-unknown-elf/13.1.1/rv32emac/ilp32e\libgcc.a(fixdfsi.o)
 .comment       0x00000022       0x23 D:/tools/NucleiStudio_IDE_202402_DEV-win64/NucleiStudio/toolchain/gcc/bin/../lib/gcc/riscv64-unknown-elf/13.1.1/rv32emac/ilp32e\libgcc.a(floatsidf.o)
 .comment       0x00000022       0x23 D:/tools/NucleiStudio_IDE_202402_DEV-win64/NucleiStudio/toolchain/gcc/bin/../lib/gcc/riscv64-unknown-elf/13.1.1/rv32emac/ilp32e\libgcc.a(floatunsidf.o)
 .comment       0x00000022       0x23 D:/tools/NucleiStudio_IDE_202402_DEV-win64/NucleiStudio/toolchain/gcc/bin/../lib/gcc/riscv64-unknown-elf/13.1.1/rv32emac/ilp32e\libgcc.a(trunctfdf2.o)
 .comment       0x00000022       0x23 D:/tools/NucleiStudio_IDE_202402_DEV-win64/NucleiStudio/toolchain/gcc/bin/../lib/gcc/riscv64-unknown-elf/13.1.1/rv32emac/ilp32e\libgcc.a(_clz.o)
 .comment       0x00000022       0x23 D:/tools/NucleiStudio_IDE_202402_DEV-win64/NucleiStudio/toolchain/gcc/bin/../lib/gcc/riscv64-unknown-elf/13.1.1/rv32emac/ilp32e\libgcc.a(_clzsi2.o)

.note.GNU-stack
                0x00000000        0x0
 .note.GNU-stack
                0x00000000        0x0 ./nuclei_sdk/SoC/evalsoc/Common/Source/Stubs/newlib/close.o
 .note.GNU-stack
                0x00000000        0x0 ./nuclei_sdk/SoC/evalsoc/Common/Source/Stubs/newlib/errno.o
 .note.GNU-stack
                0x00000000        0x0 ./nuclei_sdk/SoC/evalsoc/Common/Source/Stubs/newlib/exit.o
 .note.GNU-stack
                0x00000000        0x0 ./nuclei_sdk/SoC/evalsoc/Common/Source/Stubs/newlib/fstat.o
 .note.GNU-stack
                0x00000000        0x0 ./nuclei_sdk/SoC/evalsoc/Common/Source/Stubs/newlib/getpid.o
 .note.GNU-stack
                0x00000000        0x0 ./nuclei_sdk/SoC/evalsoc/Common/Source/Stubs/newlib/isatty.o
 .note.GNU-stack
                0x00000000        0x0 ./nuclei_sdk/SoC/evalsoc/Common/Source/Stubs/newlib/kill.o
 .note.GNU-stack
                0x00000000        0x0 ./nuclei_sdk/SoC/evalsoc/Common/Source/Stubs/newlib/lseek.o
 .note.GNU-stack
                0x00000000        0x0 ./nuclei_sdk/SoC/evalsoc/Common/Source/Stubs/newlib/read.o
 .note.GNU-stack
                0x00000000        0x0 ./nuclei_sdk/SoC/evalsoc/Common/Source/Stubs/newlib/sbrk.o
 .note.GNU-stack
                0x00000000        0x0 ./nuclei_sdk/SoC/evalsoc/Common/Source/Stubs/newlib/write.o
 .note.GNU-stack
                0x00000000        0x0 ./nuclei_sdk/SoC/evalsoc/Common/Source/Drivers/evalsoc_uart.o
 .note.GNU-stack
                0x00000000        0x0 ./nuclei_sdk/SoC/evalsoc/Common/Source/evalsoc_common.o
 .note.GNU-stack
                0x00000000        0x0 ./nuclei_sdk/SoC/evalsoc/Common/Source/system_evalsoc.o
 .note.GNU-stack
                0x00000000        0x0 ./application/core_main.o
 .note.GNU-stack
                0x00000000        0x0 ./application/fifo.o
 .note.GNU-stack
                0x00000000        0x0 D:/tools/NucleiStudio_IDE_202402_DEV-win64/NucleiStudio/toolchain/gcc/bin/../lib/gcc/riscv64-unknown-elf/13.1.1/../../../../riscv64-unknown-elf/lib/rv32emac/ilp32e\libc_nano.a(libc_a-nano-vfprintf_float.o)
 .note.GNU-stack
                0x00000000        0x0 D:/tools/NucleiStudio_IDE_202402_DEV-win64/NucleiStudio/toolchain/gcc/bin/../lib/gcc/riscv64-unknown-elf/13.1.1/../../../../riscv64-unknown-elf/lib/rv32emac/ilp32e\libc_nano.a(libc_a-nano-vfprintf_i.o)
 .note.GNU-stack
                0x00000000        0x0 D:/tools/NucleiStudio_IDE_202402_DEV-win64/NucleiStudio/toolchain/gcc/bin/../lib/gcc/riscv64-unknown-elf/13.1.1/../../../../riscv64-unknown-elf/lib/rv32emac/ilp32e\libc_nano.a(libc_a-printf.o)
 .note.GNU-stack
                0x00000000        0x0 D:/tools/NucleiStudio_IDE_202402_DEV-win64/NucleiStudio/toolchain/gcc/bin/../lib/gcc/riscv64-unknown-elf/13.1.1/../../../../riscv64-unknown-elf/lib/rv32emac/ilp32e\libc_nano.a(libc_a-memchr.o)
 .note.GNU-stack
                0x00000000        0x0 D:/tools/NucleiStudio_IDE_202402_DEV-win64/NucleiStudio/toolchain/gcc/bin/../lib/gcc/riscv64-unknown-elf/13.1.1/../../../../riscv64-unknown-elf/lib/rv32emac/ilp32e\libc_nano.a(libc_a-localeconv.o)
 .note.GNU-stack
                0x00000000        0x0 D:/tools/NucleiStudio_IDE_202402_DEV-win64/NucleiStudio/toolchain/gcc/bin/../lib/gcc/riscv64-unknown-elf/13.1.1/../../../../riscv64-unknown-elf/lib/rv32emac/ilp32e\libc_nano.a(libc_a-impure.o)
 .note.GNU-stack
                0x00000000        0x0 D:/tools/NucleiStudio_IDE_202402_DEV-win64/NucleiStudio/toolchain/gcc/bin/../lib/gcc/riscv64-unknown-elf/13.1.1/../../../../riscv64-unknown-elf/lib/rv32emac/ilp32e\libc_nano.a(libc_a-init.o)
 .note.GNU-stack
                0x00000000        0x0 D:/tools/NucleiStudio_IDE_202402_DEV-win64/NucleiStudio/toolchain/gcc/bin/../lib/gcc/riscv64-unknown-elf/13.1.1/../../../../riscv64-unknown-elf/lib/rv32emac/ilp32e\libc_nano.a(libc_a-sysisatty.o)
 .note.GNU-stack
                0x00000000        0x0 D:/tools/NucleiStudio_IDE_202402_DEV-win64/NucleiStudio/toolchain/gcc/bin/../lib/gcc/riscv64-unknown-elf/13.1.1/../../../../riscv64-unknown-elf/lib/rv32emac/ilp32e\libc_nano.a(libc_a-strlen.o)
 .note.GNU-stack
                0x00000000        0x0 D:/tools/NucleiStudio_IDE_202402_DEV-win64/NucleiStudio/toolchain/gcc/bin/../lib/gcc/riscv64-unknown-elf/13.1.1/../../../../riscv64-unknown-elf/lib/rv32emac/ilp32e\libc_nano.a(libc_a-dtoa.o)
 .note.GNU-stack
                0x00000000        0x0 D:/tools/NucleiStudio_IDE_202402_DEV-win64/NucleiStudio/toolchain/gcc/bin/../lib/gcc/riscv64-unknown-elf/13.1.1/../../../../riscv64-unknown-elf/lib/rv32emac/ilp32e\libc_nano.a(libc_a-malloc.o)
 .note.GNU-stack
                0x00000000        0x0 D:/tools/NucleiStudio_IDE_202402_DEV-win64/NucleiStudio/toolchain/gcc/bin/../lib/gcc/riscv64-unknown-elf/13.1.1/../../../../riscv64-unknown-elf/lib/rv32emac/ilp32e\libc_nano.a(libc_a-mallocr.o)
 .note.GNU-stack
                0x00000000        0x0 D:/tools/NucleiStudio_IDE_202402_DEV-win64/NucleiStudio/toolchain/gcc/bin/../lib/gcc/riscv64-unknown-elf/13.1.1/../../../../riscv64-unknown-elf/lib/rv32emac/ilp32e\libc_nano.a(libc_a-mlock.o)
 .note.GNU-stack
                0x00000000        0x0 D:/tools/NucleiStudio_IDE_202402_DEV-win64/NucleiStudio/toolchain/gcc/bin/../lib/gcc/riscv64-unknown-elf/13.1.1/../../../../riscv64-unknown-elf/lib/rv32emac/ilp32e\libc_nano.a(libc_a-mprec.o)
 .note.GNU-stack
                0x00000000        0x0 D:/tools/NucleiStudio_IDE_202402_DEV-win64/NucleiStudio/toolchain/gcc/bin/../lib/gcc/riscv64-unknown-elf/13.1.1/../../../../riscv64-unknown-elf/lib/rv32emac/ilp32e\libc_nano.a(libc_a-nano-vfprintf.o)
 .note.GNU-stack
                0x00000000        0x0 D:/tools/NucleiStudio_IDE_202402_DEV-win64/NucleiStudio/toolchain/gcc/bin/../lib/gcc/riscv64-unknown-elf/13.1.1/../../../../riscv64-unknown-elf/lib/rv32emac/ilp32e\libc_nano.a(libc_a-findfp.o)
 .note.GNU-stack
                0x00000000        0x0 D:/tools/NucleiStudio_IDE_202402_DEV-win64/NucleiStudio/toolchain/gcc/bin/../lib/gcc/riscv64-unknown-elf/13.1.1/../../../../riscv64-unknown-elf/lib/rv32emac/ilp32e\libc_nano.a(libc_a-fwalk.o)
 .note.GNU-stack
                0x00000000        0x0 D:/tools/NucleiStudio_IDE_202402_DEV-win64/NucleiStudio/toolchain/gcc/bin/../lib/gcc/riscv64-unknown-elf/13.1.1/../../../../riscv64-unknown-elf/lib/rv32emac/ilp32e\libc_nano.a(libc_a-stdio.o)
 .note.GNU-stack
                0x00000000        0x0 D:/tools/NucleiStudio_IDE_202402_DEV-win64/NucleiStudio/toolchain/gcc/bin/../lib/gcc/riscv64-unknown-elf/13.1.1/../../../../riscv64-unknown-elf/lib/rv32emac/ilp32e\libc_nano.a(libc_a-wbuf.o)
 .note.GNU-stack
                0x00000000        0x0 D:/tools/NucleiStudio_IDE_202402_DEV-win64/NucleiStudio/toolchain/gcc/bin/../lib/gcc/riscv64-unknown-elf/13.1.1/../../../../riscv64-unknown-elf/lib/rv32emac/ilp32e\libc_nano.a(libc_a-wsetup.o)
 .note.GNU-stack
                0x00000000        0x0 D:/tools/NucleiStudio_IDE_202402_DEV-win64/NucleiStudio/toolchain/gcc/bin/../lib/gcc/riscv64-unknown-elf/13.1.1/../../../../riscv64-unknown-elf/lib/rv32emac/ilp32e\libc_nano.a(libc_a-locale.o)
 .note.GNU-stack
                0x00000000        0x0 D:/tools/NucleiStudio_IDE_202402_DEV-win64/NucleiStudio/toolchain/gcc/bin/../lib/gcc/riscv64-unknown-elf/13.1.1/../../../../riscv64-unknown-elf/lib/rv32emac/ilp32e\libc_nano.a(libc_a-closer.o)
 .note.GNU-stack
                0x00000000        0x0 D:/tools/NucleiStudio_IDE_202402_DEV-win64/NucleiStudio/toolchain/gcc/bin/../lib/gcc/riscv64-unknown-elf/13.1.1/../../../../riscv64-unknown-elf/lib/rv32emac/ilp32e\libc_nano.a(libc_a-lseekr.o)
 .note.GNU-stack
                0x00000000        0x0 D:/tools/NucleiStudio_IDE_202402_DEV-win64/NucleiStudio/toolchain/gcc/bin/../lib/gcc/riscv64-unknown-elf/13.1.1/../../../../riscv64-unknown-elf/lib/rv32emac/ilp32e\libc_nano.a(libc_a-readr.o)
 .note.GNU-stack